Configuration on demand is an incubating feature.
Reusing configuration cache.
> Task :core:ui:preBuild UP-TO-DATE
> Task :core:network:preBuild UP-TO-DATE
> Task :features:demo:preBuild UP-TO-DATE
> Task :core:data:preBuild UP-TO-DATE
> Task :features:auth:preBuild UP-TO-DATE
> Task :features:animation:preBuild UP-TO-DATE
> Task :core:domain:preBuild UP-TO-DATE
> Task :app:checkKotlinGradlePluginConfigurationErrors SKIPPED
> Task :app:preBuild UP-TO-DATE
> Task :features:calendar:preBuild UP-TO-DATE
> Task :features:ai:preBuild UP-TO-DATE
> Task :features:analytics:preBuild UP-TO-DATE
> Task :app:preDebugBuild UP-TO-DATE
> Task :core:domain:preDebugBuild UP-TO-DATE
> Task :core:network:preDebugBuild UP-TO-DATE
> Task :core:data:preDebugBuild UP-TO-DATE
> Task :features:animation:preDebugBuild UP-TO-DATE
> Task :features:ai:preDebugBuild UP-TO-DATE
> Task :features:analytics:preDebugBuild UP-TO-DATE
> Task :features:auth:preDebugBuild UP-TO-DATE
> Task :features:calendar:preDebugBuild UP-TO-DATE
> Task :features:demo:preDebugBuild UP-TO-DATE
> Task :core:ui:preDebugBuild UP-TO-DATE
> Task :features:gamification:preBuild UP-TO-DATE
> Task :features:gamification:preDebugBuild UP-TO-DATE
> Task :app:mergeDebugNativeDebugMetadata NO-SOURCE
> Task :features:habits:preBuild UP-TO-DATE
> Task :features:habits:preDebugBuild UP-TO-DATE
> Task :features:demo:writeDebugAarMetadata UP-TO-DATE
> Task :features:analytics:writeDebugAarMetadata UP-TO-DATE
> Task :features:gamification:writeDebugAarMetadata UP-TO-DATE
> Task :features:auth:writeDebugAarMetadata UP-TO-DATE
> Task :features:ai:writeDebugAarMetadata UP-TO-DATE
> Task :features:animation:writeDebugAarMetadata UP-TO-DATE
> Task :core:network:writeDebugAarMetadata UP-TO-DATE
> Task :core:ui:writeDebugAarMetadata UP-TO-DATE
> Task :features:calendar:writeDebugAarMetadata UP-TO-DATE
> Task :core:data:writeDebugAarMetadata UP-TO-DATE
> Task :features:habits:writeDebugAarMetadata UP-TO-DATE
> Task :core:domain:writeDebugAarMetadata UP-TO-DATE
> Task :features:settings:preBuild UP-TO-DATE
> Task :features:social:preBuild UP-TO-DATE
> Task :features:splash:preBuild UP-TO-DATE
> Task :features:onboarding:preBuild UP-TO-DATE
> Task :features:settings:preDebugBuild UP-TO-DATE
> Task :features:social:preDebugBuild UP-TO-DATE
> Task :features:stats:preBuild UP-TO-DATE
> Task :features:onboarding:preDebugBuild UP-TO-DATE
> Task :features:splash:preDebugBuild UP-TO-DATE
> Task :features:stats:preDebugBuild UP-TO-DATE
> Task :features:settings:writeDebugAarMetadata UP-TO-DATE
> Task :features:social:writeDebugAarMetadata UP-TO-DATE
> Task :features:splash:writeDebugAarMetadata UP-TO-DATE
> Task :features:onboarding:writeDebugAarMetadata UP-TO-DATE
> Task :features:stats:writeDebugAarMetadata UP-TO-DATE
> Task :features:animation:processDebugNavigationResources UP-TO-DATE
> Task :features:calendar:processDebugNavigationResources UP-TO-DATE
> Task :core:data:processDebugNavigationResources UP-TO-DATE
> Task :features:gamification:processDebugNavigationResources UP-TO-DATE
> Task :features:ai:processDebugNavigationResources UP-TO-DATE
> Task :features:demo:processDebugNavigationResources UP-TO-DATE
> Task :features:analytics:processDebugNavigationResources UP-TO-DATE
> Task :core:network:processDebugNavigationResources UP-TO-DATE
> Task :features:auth:processDebugNavigationResources UP-TO-DATE
> Task :core:ui:processDebugNavigationResources UP-TO-DATE
> Task :core:domain:processDebugNavigationResources UP-TO-DATE
> Task :features:habits:processDebugNavigationResources UP-TO-DATE
> Task :features:stats:processDebugNavigationResources UP-TO-DATE
> Task :features:settings:processDebugNavigationResources UP-TO-DATE
> Task :features:social:processDebugNavigationResources UP-TO-DATE
> Task :features:onboarding:processDebugNavigationResources UP-TO-DATE
> Task :core:data:generateDebugResources UP-TO-DATE
> Task :core:network:generateDebugResources UP-TO-DATE
> Task :core:domain:generateDebugResources UP-TO-DATE
> Task :features:animation:generateDebugResources UP-TO-DATE
> Task :features:analytics:generateDebugResources UP-TO-DATE
> Task :features:auth:generateDebugResources UP-TO-DATE
> Task :features:calendar:generateDebugResources UP-TO-DATE
> Task :features:ai:generateDebugResources UP-TO-DATE
> Task :core:ui:generateDebugResources UP-TO-DATE
> Task :features:splash:processDebugNavigationResources UP-TO-DATE
> Task :features:demo:generateDebugResources UP-TO-DATE
> Task :features:habits:generateDebugResources UP-TO-DATE
> Task :features:onboarding:generateDebugResources UP-TO-DATE
> Task :features:gamification:generateDebugResources UP-TO-DATE
> Task :features:settings:generateDebugResources UP-TO-DATE
> Task :features:social:generateDebugResources UP-TO-DATE
> Task :features:splash:generateDebugResources UP-TO-DATE
> Task :features:auth:packageDebugResources UP-TO-DATE
> Task :core:data:packageDebugResources UP-TO-DATE
> Task :features:demo:packageDebugResources UP-TO-DATE
> Task :features:calendar:packageDebugResources UP-TO-DATE
> Task :core:network:packageDebugResources UP-TO-DATE
> Task :features:analytics:packageDebugResources UP-TO-DATE
> Task :features:ai:packageDebugResources UP-TO-DATE
> Task :core:ui:packageDebugResources UP-TO-DATE
> Task :app:generateDebugResources UP-TO-DATE
> Task :features:stats:generateDebugResources UP-TO-DATE
> Task :app:extractDeepLinksDebug UP-TO-DATE
> Task :features:animation:packageDebugResources UP-TO-DATE
> Task :features:habits:packageDebugResources UP-TO-DATE
> Task :core:data:extractDeepLinksDebug UP-TO-DATE
> Task :app:createDebugCompatibleScreenManifests UP-TO-DATE
> Task :features:social:packageDebugResources UP-TO-DATE
> Task :features:splash:packageDebugResources UP-TO-DATE
> Task :features:onboarding:packageDebugResources UP-TO-DATE
> Task :core:domain:extractDeepLinksDebug UP-TO-DATE
> Task :core:network:extractDeepLinksDebug UP-TO-DATE
> Task :features:settings:packageDebugResources UP-TO-DATE
> Task :features:stats:packageDebugResources UP-TO-DATE
> Task :app:packageDebugResources UP-TO-DATE
> Task :core:domain:processDebugManifest UP-TO-DATE
> Task :core:ui:extractDeepLinksDebug UP-TO-DATE
> Task :features:ai:extractDeepLinksDebug UP-TO-DATE
> Task :core:domain:packageDebugResources UP-TO-DATE
> Task :core:network:processDebugManifest UP-TO-DATE
> Task :features:analytics:extractDeepLinksDebug UP-TO-DATE
> Task :core:ui:processDebugManifest UP-TO-DATE
> Task :features:animation:extractDeepLinksDebug UP-TO-DATE
> Task :core:data:processDebugManifest UP-TO-DATE
> Task :features:calendar:extractDeepLinksDebug UP-TO-DATE
> Task :features:auth:processDebugManifest UP-TO-DATE
> Task :features:calendar:processDebugManifest UP-TO-DATE
> Task :features:ai:processDebugManifest UP-TO-DATE
> Task :features:demo:processDebugManifest UP-TO-DATE
> Task :features:gamification:extractDeepLinksDebug UP-TO-DATE
> Task :features:habits:extractDeepLinksDebug UP-TO-DATE
> Task :features:auth:extractDeepLinksDebug UP-TO-DATE
> Task :features:demo:extractDeepLinksDebug UP-TO-DATE
> Task :features:gamification:packageDebugResources UP-TO-DATE
> Task :features:onboarding:extractDeepLinksDebug UP-TO-DATE
> Task :features:habits:processDebugManifest UP-TO-DATE
> Task :features:animation:processDebugManifest UP-TO-DATE
> Task :app:checkDebugAarMetadata UP-TO-DATE
> Task :features:gamification:processDebugManifest UP-TO-DATE
> Task :features:settings:extractDeepLinksDebug UP-TO-DATE
> Task :features:social:extractDeepLinksDebug UP-TO-DATE
> Task :features:splash:extractDeepLinksDebug UP-TO-DATE
> Task :features:splash:processDebugManifest UP-TO-DATE
> Task :features:social:processDebugManifest UP-TO-DATE
> Task :features:settings:processDebugManifest UP-TO-DATE
> Task :features:stats:extractDeepLinksDebug UP-TO-DATE
> Task :features:onboarding:processDebugManifest UP-TO-DATE
> Task :core:data:compileDebugLibraryResources UP-TO-DATE
> Task :features:stats:processDebugManifest UP-TO-DATE
> Task :core:network:compileDebugLibraryResources UP-TO-DATE
> Task :core:domain:compileDebugLibraryResources UP-TO-DATE
> Task :app:processDebugNavigationResources UP-TO-DATE
> Task :core:network:parseDebugLocalResources UP-TO-DATE
> Task :core:ui:compileDebugLibraryResources UP-TO-DATE
> Task :core:data:parseDebugLocalResources UP-TO-DATE
> Task :core:domain:parseDebugLocalResources UP-TO-DATE
> Task :app:compileDebugNavigationResources UP-TO-DATE
> Task :core:ui:parseDebugLocalResources UP-TO-DATE
> Task :features:ai:parseDebugLocalResources UP-TO-DATE
> Task :features:ai:compileDebugLibraryResources UP-TO-DATE
> Task :features:analytics:compileDebugLibraryResources UP-TO-DATE
> Task :features:analytics:processDebugManifest UP-TO-DATE
> Task :app:parseDebugLocalResources UP-TO-DATE
> Task :features:animation:compileDebugLibraryResources UP-TO-DATE
> Task :features:analytics:parseDebugLocalResources UP-TO-DATE
> Task :features:auth:compileDebugLibraryResources UP-TO-DATE
> Task :features:animation:parseDebugLocalResources UP-TO-DATE
> Task :features:calendar:compileDebugLibraryResources UP-TO-DATE
> Task :features:auth:parseDebugLocalResources UP-TO-DATE
> Task :features:ai:generateDebugRFile UP-TO-DATE
> Task :core:domain:generateDebugRFile UP-TO-DATE
> Task :features:analytics:generateDebugRFile UP-TO-DATE
> Task :core:data:generateDebugRFile UP-TO-DATE
> Task :features:animation:generateDebugRFile UP-TO-DATE
> Task :core:network:generateDebugRFile UP-TO-DATE
> Task :features:demo:compileDebugLibraryResources UP-TO-DATE
> Task :features:calendar:parseDebugLocalResources UP-TO-DATE
> Task :features:gamification:compileDebugLibraryResources UP-TO-DATE
> Task :features:demo:parseDebugLocalResources UP-TO-DATE
> Task :features:onboarding:compileDebugLibraryResources UP-TO-DATE
> Task :features:auth:generateDebugRFile UP-TO-DATE
> Task :features:habits:parseDebugLocalResources UP-TO-DATE
> Task :core:ui:generateDebugRFile UP-TO-DATE
> Task :features:gamification:parseDebugLocalResources UP-TO-DATE
> Task :features:settings:compileDebugLibraryResources UP-TO-DATE
> Task :features:onboarding:parseDebugLocalResources UP-TO-DATE
> Task :features:social:compileDebugLibraryResources UP-TO-DATE
> Task :features:calendar:generateDebugRFile UP-TO-DATE
> Task :features:settings:parseDebugLocalResources UP-TO-DATE
> Task :features:demo:generateDebugRFile UP-TO-DATE
> Task :features:habits:generateDebugRFile UP-TO-DATE
> Task :features:habits:compileDebugLibraryResources UP-TO-DATE
> Task :features:splash:compileDebugLibraryResources UP-TO-DATE
> Task :features:stats:compileDebugLibraryResources UP-TO-DATE
> Task :features:gamification:generateDebugRFile UP-TO-DATE
> Task :core:data:checkKotlinGradlePluginConfigurationErrors SKIPPED
> Task :features:onboarding:generateDebugRFile UP-TO-DATE
> Task :core:domain:checkKotlinGradlePluginConfigurationErrors SKIPPED
> Task :core:network:checkKotlinGradlePluginConfigurationErrors SKIPPED
> Task :app:mapDebugSourceSetPaths UP-TO-DATE
> Task :core:ui:checkKotlinGradlePluginConfigurationErrors SKIPPED
> Task :features:social:parseDebugLocalResources UP-TO-DATE
> Task :features:ai:checkKotlinGradlePluginConfigurationErrors SKIPPED
> Task :features:splash:parseDebugLocalResources UP-TO-DATE
> Task :features:settings:generateDebugRFile UP-TO-DATE
> Task :core:network:javaPreCompileDebug UP-TO-DATE
> Task :features:stats:parseDebugLocalResources UP-TO-DATE
> Task :features:analytics:checkKotlinGradlePluginConfigurationErrors SKIPPED
> Task :core:domain:javaPreCompileDebug UP-TO-DATE
> Task :features:animation:checkKotlinGradlePluginConfigurationErrors SKIPPED
> Task :core:ui:javaPreCompileDebug UP-TO-DATE
> Task :features:auth:checkKotlinGradlePluginConfigurationErrors SKIPPED
> Task :core:data:javaPreCompileDebug UP-TO-DATE
> Task :features:ai:javaPreCompileDebug UP-TO-DATE
> Task :app:mergeDebugResources UP-TO-DATE
> Task :features:calendar:checkKotlinGradlePluginConfigurationErrors SKIPPED
> Task :features:demo:checkKotlinGradlePluginConfigurationErrors SKIPPED
> Task :features:analytics:javaPreCompileDebug UP-TO-DATE
> Task :features:animation:javaPreCompileDebug UP-TO-DATE
> Task :features:social:generateDebugRFile UP-TO-DATE
> Task :features:splash:generateDebugRFile UP-TO-DATE
> Task :features:stats:checkKotlinGradlePluginConfigurationErrors SKIPPED
> Task :features:stats:generateDebugRFile UP-TO-DATE
> Task :features:habits:checkKotlinGradlePluginConfigurationErrors SKIPPED
> Task :features:auth:javaPreCompileDebug UP-TO-DATE
> Task :features:onboarding:checkKotlinGradlePluginConfigurationErrors SKIPPED
> Task :features:habits:javaPreCompileDebug UP-TO-DATE
> Task :features:settings:checkKotlinGradlePluginConfigurationErrors SKIPPED
> Task :features:social:checkKotlinGradlePluginConfigurationErrors SKIPPED
> Task :features:splash:checkKotlinGradlePluginConfigurationErrors SKIPPED
> Task :features:calendar:javaPreCompileDebug UP-TO-DATE
> Task :features:gamification:javaPreCompileDebug UP-TO-DATE
> Task :app:generateDebugAssets UP-TO-DATE
> Task :core:data:generateDebugAssets UP-TO-DATE
> Task :features:gamification:checkKotlinGradlePluginConfigurationErrors SKIPPED
> Task :features:splash:javaPreCompileDebug UP-TO-DATE
> Task :core:domain:generateDebugAssets UP-TO-DATE
> Task :core:network:generateDebugAssets UP-TO-DATE
> Task :features:settings:javaPreCompileDebug UP-TO-DATE
> Task :core:ui:generateDebugAssets UP-TO-DATE
> Task :features:ai:generateDebugAssets UP-TO-DATE
> Task :app:javaPreCompileDebug UP-TO-DATE
> Task :features:demo:javaPreCompileDebug UP-TO-DATE
> Task :features:analytics:generateDebugAssets UP-TO-DATE
> Task :features:social:javaPreCompileDebug UP-TO-DATE
> Task :features:auth:generateDebugAssets UP-TO-DATE
> Task :features:animation:generateDebugAssets UP-TO-DATE
> Task :features:onboarding:javaPreCompileDebug UP-TO-DATE
> Task :features:stats:javaPreCompileDebug UP-TO-DATE
> Task :core:ui:mergeDebugAssets UP-TO-DATE
> Task :features:ai:mergeDebugAssets UP-TO-DATE
> Task :features:auth:mergeDebugAssets UP-TO-DATE
> Task :features:calendar:generateDebugAssets UP-TO-DATE
> Task :core:data:mergeDebugAssets UP-TO-DATE
> Task :core:domain:mergeDebugAssets UP-TO-DATE
> Task :features:habits:generateDebugAssets UP-TO-DATE
> Task :features:gamification:generateDebugAssets UP-TO-DATE
> Task :features:analytics:mergeDebugAssets UP-TO-DATE
> Task :features:animation:mergeDebugAssets UP-TO-DATE
> Task :core:network:mergeDebugAssets UP-TO-DATE
> Task :features:demo:generateDebugAssets UP-TO-DATE
> Task :features:settings:generateDebugAssets UP-TO-DATE
> Task :features:social:generateDebugAssets UP-TO-DATE
> Task :features:habits:mergeDebugAssets UP-TO-DATE
> Task :features:onboarding:generateDebugAssets UP-TO-DATE
> Task :features:demo:mergeDebugAssets UP-TO-DATE
> Task :features:stats:generateDebugAssets UP-TO-DATE
> Task :features:splash:generateDebugAssets UP-TO-DATE
> Task :features:social:mergeDebugAssets UP-TO-DATE
> Task :features:gamification:mergeDebugAssets UP-TO-DATE
> Task :features:onboarding:mergeDebugAssets UP-TO-DATE
> Task :features:calendar:mergeDebugAssets UP-TO-DATE
> Task :features:settings:mergeDebugAssets UP-TO-DATE
> Task :features:stats:mergeDebugAssets UP-TO-DATE
> Task :app:desugarDebugFileDependencies UP-TO-DATE
> Task :core:data:mergeDebugJniLibFolders UP-TO-DATE
> Task :core:domain:mergeDebugJniLibFolders UP-TO-DATE
> Task :features:splash:mergeDebugAssets UP-TO-DATE
> Task :app:mergeDebugJniLibFolders UP-TO-DATE
> Task :core:ui:mergeDebugJniLibFolders UP-TO-DATE
> Task :features:analytics:mergeDebugJniLibFolders UP-TO-DATE
> Task :core:network:mergeDebugJniLibFolders UP-TO-DATE
> Task :features:ai:mergeDebugJniLibFolders UP-TO-DATE
> Task :features:animation:mergeDebugJniLibFolders UP-TO-DATE
> Task :core:data:mergeDebugNativeLibs NO-SOURCE
> Task :features:ai:mergeDebugNativeLibs NO-SOURCE
> Task :core:domain:mergeDebugNativeLibs NO-SOURCE
> Task :features:analytics:mergeDebugNativeLibs NO-SOURCE
> Task :core:network:mergeDebugNativeLibs NO-SOURCE
> Task :core:ui:mergeDebugNativeLibs NO-SOURCE
> Task :features:animation:mergeDebugNativeLibs NO-SOURCE
> Task :features:auth:mergeDebugJniLibFolders UP-TO-DATE
> Task :core:network:copyDebugJniLibsProjectOnly UP-TO-DATE
> Task :core:domain:copyDebugJniLibsProjectOnly UP-TO-DATE
> Task :features:animation:copyDebugJniLibsProjectOnly UP-TO-DATE
> Task :features:ai:copyDebugJniLibsProjectOnly UP-TO-DATE
> Task :features:analytics:copyDebugJniLibsProjectOnly UP-TO-DATE
> Task :features:auth:mergeDebugNativeLibs NO-SOURCE
> Task :core:data:copyDebugJniLibsProjectOnly UP-TO-DATE
> Task :core:ui:copyDebugJniLibsProjectOnly UP-TO-DATE
> Task :features:habits:mergeDebugJniLibFolders UP-TO-DATE
> Task :features:calendar:mergeDebugJniLibFolders UP-TO-DATE
> Task :features:gamification:mergeDebugJniLibFolders UP-TO-DATE
> Task :features:onboarding:mergeDebugJniLibFolders UP-TO-DATE
> Task :features:auth:copyDebugJniLibsProjectOnly UP-TO-DATE
> Task :features:settings:mergeDebugJniLibFolders UP-TO-DATE
> Task :features:habits:mergeDebugNativeLibs NO-SOURCE
> Task :features:demo:mergeDebugJniLibFolders UP-TO-DATE
> Task :features:gamification:mergeDebugNativeLibs NO-SOURCE
> Task :features:calendar:mergeDebugNativeLibs NO-SOURCE
> Task :features:social:mergeDebugJniLibFolders UP-TO-DATE
> Task :features:settings:mergeDebugNativeLibs NO-SOURCE
> Task :features:habits:copyDebugJniLibsProjectOnly UP-TO-DATE
> Task :features:onboarding:mergeDebugNativeLibs NO-SOURCE
> Task :app:processDebugMainManifest UP-TO-DATE
> Task :features:settings:copyDebugJniLibsProjectOnly UP-TO-DATE
> Task :features:social:mergeDebugNativeLibs NO-SOURCE
> Task :features:demo:mergeDebugNativeLibs NO-SOURCE
> Task :features:gamification:copyDebugJniLibsProjectOnly UP-TO-DATE
> Task :features:stats:mergeDebugJniLibFolders UP-TO-DATE
> Task :features:onboarding:copyDebugJniLibsProjectOnly UP-TO-DATE
> Task :features:calendar:copyDebugJniLibsProjectOnly UP-TO-DATE
> Task :app:writeDebugAppMetadata UP-TO-DATE
> Task :features:demo:copyDebugJniLibsProjectOnly UP-TO-DATE
> Task :app:writeDebugSigningConfigVersions UP-TO-DATE
> Task :features:stats:mergeDebugNativeLibs NO-SOURCE
> Task :features:splash:mergeDebugJniLibFolders UP-TO-DATE
> Task :features:social:copyDebugJniLibsProjectOnly UP-TO-DATE
> Task :app:validateSigningDebug UP-TO-DATE
> Task :features:stats:copyDebugJniLibsProjectOnly UP-TO-DATE
> Task :app:processDebugManifest UP-TO-DATE
> Task :app:processDebugManifestForPackage UP-TO-DATE
> Task :app:mergeDebugAssets UP-TO-DATE
> Task :app:compressDebugAssets UP-TO-DATE
> Task :core:data:kspDebugKotlin UP-TO-DATE
> Task :features:splash:mergeDebugNativeLibs NO-SOURCE
> Task :features:splash:copyDebugJniLibsProjectOnly UP-TO-DATE
> Task :app:checkDebugDuplicateClasses UP-TO-DATE
> Task :core:data:compileDebugKotlin UP-TO-DATE
> Task :app:mergeDebugNativeLibs UP-TO-DATE
> Task :core:data:processDebugJavaRes UP-TO-DATE
> Task :app:stripDebugDebugSymbols UP-TO-DATE
> Task :core:data:compileDebugJavaWithJavac UP-TO-DATE
> Task :app:mergeExtDexDebug UP-TO-DATE
> Task :core:data:transformDebugClassesWithAsm UP-TO-DATE
> Task :core:data:bundleLibCompileToJarDebug UP-TO-DATE
> Task :core:data:bundleLibRuntimeToDirDebug UP-TO-DATE
> Task :core:data:bundleLibRuntimeToJarDebug UP-TO-DATE
> Task :core:domain:kspDebugKotlin UP-TO-DATE
> Task :core:network:kspDebugKotlin UP-TO-DATE
> Task :core:domain:compileDebugKotlin UP-TO-DATE
> Task :core:domain:processDebugJavaRes UP-TO-DATE
> Task :core:domain:compileDebugJavaWithJavac UP-TO-DATE
> Task :core:network:compileDebugKotlin UP-TO-DATE
> Task :core:network:processDebugJavaRes UP-TO-DATE
> Task :core:ui:kspDebugKotlin UP-TO-DATE
> Task :core:domain:transformDebugClassesWithAsm UP-TO-DATE
> Task :core:network:compileDebugJavaWithJavac UP-TO-DATE
> Task :core:domain:bundleLibRuntimeToDirDebug UP-TO-DATE
> Task :core:domain:bundleLibCompileToJarDebug UP-TO-DATE
> Task :core:domain:bundleLibRuntimeToJarDebug UP-TO-DATE
> Task :core:network:transformDebugClassesWithAsm UP-TO-DATE
> Task :core:network:bundleLibCompileToJarDebug UP-TO-DATE
> Task :core:network:bundleLibRuntimeToDirDebug UP-TO-DATE
> Task :core:network:bundleLibRuntimeToJarDebug UP-TO-DATE
> Task :core:ui:compileDebugKotlin UP-TO-DATE
> Task :core:ui:processDebugJavaRes UP-TO-DATE
> Task :core:ui:compileDebugJavaWithJavac UP-TO-DATE
> Task :app:processDebugResources UP-TO-DATE
> Task :core:ui:transformDebugClassesWithAsm UP-TO-DATE
> Task :core:ui:bundleLibRuntimeToJarDebug UP-TO-DATE
> Task :core:ui:bundleLibRuntimeToDirDebug UP-TO-DATE
> Task :core:ui:bundleLibCompileToJarDebug UP-TO-DATE
> Task :features:social:kspDebugKotlin UP-TO-DATE
> Task :features:calendar:kspDebugKotlin UP-TO-DATE
> Task :features:animation:kspDebugKotlin UP-TO-DATE
> Task :features:onboarding:kspDebugKotlin UP-TO-DATE
> Task :features:analytics:kspDebugKotlin UP-TO-DATE
> Task :features:ai:kspDebugKotlin UP-TO-DATE
> Task :features:auth:kspDebugKotlin UP-TO-DATE
> Task :features:gamification:kspDebugKotlin UP-TO-DATE
> Task :features:stats:kspDebugKotlin UP-TO-DATE
> Task :features:habits:kspDebugKotlin UP-TO-DATE
> Task :features:calendar:compileDebugKotlin UP-TO-DATE
> Task :features:animation:compileDebugKotlin UP-TO-DATE
> Task :features:onboarding:compileDebugKotlin UP-TO-DATE
> Task :features:calendar:compileDebugJavaWithJavac NO-SOURCE
> Task :features:social:compileDebugKotlin UP-TO-DATE
> Task :features:onboarding:compileDebugJavaWithJavac NO-SOURCE
> Task :features:social:compileDebugJavaWithJavac NO-SOURCE
> Task :features:animation:processDebugJavaRes UP-TO-DATE
> Task :features:analytics:compileDebugKotlin UP-TO-DATE
> Task :features:gamification:compileDebugKotlin UP-TO-DATE
> Task :features:auth:compileDebugKotlin UP-TO-DATE
> Task :features:animation:compileDebugJavaWithJavac UP-TO-DATE
> Task :features:calendar:processDebugJavaRes UP-TO-DATE
> Task :features:onboarding:processDebugJavaRes UP-TO-DATE
> Task :features:analytics:processDebugJavaRes UP-TO-DATE
> Task :features:analytics:compileDebugJavaWithJavac UP-TO-DATE
> Task :features:auth:compileDebugJavaWithJavac UP-TO-DATE
> Task :features:habits:compileDebugKotlin UP-TO-DATE
> Task :features:auth:processDebugJavaRes UP-TO-DATE
> Task :features:stats:compileDebugKotlin UP-TO-DATE
> Task :features:onboarding:transformDebugClassesWithAsm UP-TO-DATE
> Task :features:gamification:processDebugJavaRes UP-TO-DATE
> Task :features:social:transformDebugClassesWithAsm UP-TO-DATE
> Task :features:gamification:compileDebugJavaWithJavac UP-TO-DATE
> Task :features:onboarding:bundleLibCompileToJarDebug UP-TO-DATE
> Task :features:stats:compileDebugJavaWithJavac NO-SOURCE
> Task :features:habits:processDebugJavaRes UP-TO-DATE
> Task :features:onboarding:bundleLibRuntimeToJarDebug UP-TO-DATE
> Task :features:social:bundleLibCompileToJarDebug UP-TO-DATE
> Task :features:social:bundleLibRuntimeToJarDebug UP-TO-DATE
> Task :features:social:processDebugJavaRes UP-TO-DATE
> Task :features:animation:transformDebugClassesWithAsm UP-TO-DATE
> Task :features:stats:processDebugJavaRes UP-TO-DATE
> Task :features:animation:bundleLibRuntimeToJarDebug UP-TO-DATE
> Task :features:habits:compileDebugJavaWithJavac UP-TO-DATE
> Task :features:animation:bundleLibCompileToJarDebug UP-TO-DATE
> Task :features:animation:bundleLibRuntimeToDirDebug UP-TO-DATE
> Task :features:onboarding:bundleLibRuntimeToDirDebug UP-TO-DATE
> Task :features:social:bundleLibRuntimeToDirDebug UP-TO-DATE
> Task :features:auth:transformDebugClassesWithAsm UP-TO-DATE
> Task :features:analytics:transformDebugClassesWithAsm UP-TO-DATE
> Task :features:calendar:transformDebugClassesWithAsm UP-TO-DATE
> Task :features:analytics:bundleLibRuntimeToJarDebug UP-TO-DATE
> Task :features:analytics:bundleLibRuntimeToDirDebug UP-TO-DATE
> Task :features:calendar:bundleLibCompileToJarDebug UP-TO-DATE
> Task :features:analytics:bundleLibCompileToJarDebug UP-TO-DATE
> Task :features:calendar:bundleLibRuntimeToJarDebug UP-TO-DATE
> Task :features:calendar:bundleLibRuntimeToDirDebug UP-TO-DATE
> Task :features:auth:bundleLibRuntimeToJarDebug UP-TO-DATE
> Task :features:stats:transformDebugClassesWithAsm UP-TO-DATE
> Task :features:auth:bundleLibCompileToJarDebug UP-TO-DATE
> Task :features:auth:bundleLibRuntimeToDirDebug UP-TO-DATE
> Task :features:stats:bundleLibCompileToJarDebug UP-TO-DATE
> Task :features:stats:bundleLibRuntimeToJarDebug UP-TO-DATE
> Task :features:stats:bundleLibRuntimeToDirDebug UP-TO-DATE
> Task :features:gamification:transformDebugClassesWithAsm UP-TO-DATE
> Task :features:gamification:bundleLibRuntimeToDirDebug UP-TO-DATE
> Task :features:gamification:bundleLibRuntimeToJarDebug UP-TO-DATE
> Task :features:gamification:bundleLibCompileToJarDebug UP-TO-DATE
> Task :features:habits:transformDebugClassesWithAsm UP-TO-DATE
> Task :features:habits:bundleLibRuntimeToJarDebug UP-TO-DATE
> Task :features:habits:bundleLibRuntimeToDirDebug UP-TO-DATE
> Task :features:habits:bundleLibCompileToJarDebug UP-TO-DATE
> Task :features:splash:kspDebugKotlin UP-TO-DATE
> Task :features:demo:kspDebugKotlin UP-TO-DATE
> Task :features:settings:kspDebugKotlin UP-TO-DATE
> Task :features:splash:compileDebugKotlin UP-TO-DATE
> Task :features:splash:compileDebugJavaWithJavac NO-SOURCE
> Task :features:splash:processDebugJavaRes UP-TO-DATE
> Task :features:settings:compileDebugKotlin UP-TO-DATE
> Task :features:settings:compileDebugJavaWithJavac NO-SOURCE
> Task :features:settings:processDebugJavaRes UP-TO-DATE
> Task :features:splash:transformDebugClassesWithAsm UP-TO-DATE
> Task :features:splash:bundleLibRuntimeToJarDebug UP-TO-DATE
> Task :features:splash:bundleLibRuntimeToDirDebug UP-TO-DATE
> Task :features:splash:bundleLibCompileToJarDebug UP-TO-DATE
> Task :features:settings:transformDebugClassesWithAsm UP-TO-DATE
> Task :features:settings:bundleLibRuntimeToDirDebug UP-TO-DATE
> Task :features:settings:bundleLibCompileToJarDebug UP-TO-DATE
> Task :features:settings:bundleLibRuntimeToJarDebug UP-TO-DATE

> Task :features:demo:compileDebugKotlin FAILED
.\gradlew : e: file:///C:/Users/aditya/Desktop/sustainable-habits-android/features/demo/src/main/java/com/exam
ple/myapplication/features/UltraAdvancedFeaturesDemo.kt:27:43 Unresolved reference 'neural'.
At line:1 char:48
+ ... es\Java\jdk-21"; .\gradlew :app:assembleDebug > build_output.txt 2>&1
+                      ~~~~~~~~~~~~~~~~~~~~~~~~~~~~~~~~~~~~~~~~~~~~~~~~~~~~
    + CategoryInfo          : NotSpecified: (e: file:///C:/U...rence 'neural'.:String) [], RemoteException
    + FullyQualifiedErrorId : NativeCommandError
 
e: file:///C:/Users/aditya/Desktop/sustainable-habits-android/features/demo/src/main/java/com/example/myapplic
ation/features/UltraAdvancedFeaturesDemo.kt:33:43 Unresolved reference 'ml'.
e: file:///C:/Users/aditya/Desktop/sustainable-habits-android/features/demo/src/main/java/com/example/myapplic
ation/features/UltraAdvancedFeaturesDemo.kt:34:43 Unresolved reference 'ml'.
e: file:///C:/Users/aditya/Desktop/sustainable-habits-android/features/demo/src/main/java/com/example/myapplic
ation/features/UltraAdvancedFeaturesDemo.kt:35:43 Unresolved reference 'ml'.
e: file:///C:/Users/aditya/Desktop/sustainable-habits-android/features/demo/src/main/java/com/example/myapplic
ation/features/UltraAdvancedFeaturesDemo.kt:41:43 Unresolved reference 'biometric'.
e: file:///C:/Users/aditya/Desktop/sustainable-habits-android/features/demo/src/main/java/com/example/myapplic
ation/features/UltraAdvancedFeaturesDemo.kt:42:43 Unresolved reference 'ml'.
e: file:///C:/Users/aditya/Desktop/sustainable-habits-android/features/demo/src/main/java/com/example/myapplic
ation/features/UltraAdvancedFeaturesDemo.kt:43:43 Unresolved reference 'neural'.
e: file:///C:/Users/aditya/Desktop/sustainable-habits-android/features/demo/src/main/java/com/example/myapplic
ation/features/UltraAdvancedFeaturesDemo.kt:44:43 Unresolved reference 'quantum'.
e: file:///C:/Users/aditya/Desktop/sustainable-habits-android/features/demo/src/main/java/com/example/myapplic
ation/features/UltraAdvancedFeaturesDemo.kt:45:43 Unresolved reference 'spatial'.
e: file:///C:/Users/aditya/Desktop/sustainable-habits-android/features/demo/src/main/java/com/example/myapplic
ation/features/UltraAdvancedFeaturesDemo.kt:46:43 Unresolved reference 'voice'.
e: file:///C:/Users/aditya/Desktop/sustainable-habits-android/features/demo/src/main/java/com/example/myapplic
ation/features/UltraAdvancedFeaturesDemo.kt:133:29 Cannot infer type for this parameter. Specify it 
explicitly.
e: file:///C:/Users/aditya/Desktop/sustainable-habits-android/features/demo/src/main/java/com/example/myapplic
ation/features/UltraAdvancedFeaturesDemo.kt:133:29 Not enough information to infer type argument for 'T'.
e: file:///C:/Users/aditya/Desktop/sustainable-habits-android/features/demo/src/main/java/com/example/myapplic
ation/features/UltraAdvancedFeaturesDemo.kt:134:21 Cannot infer type for this parameter. Specify it 
explicitly.
e: file:///C:/Users/aditya/Desktop/sustainable-habits-android/features/demo/src/main/java/com/example/myapplic
ation/features/UltraAdvancedFeaturesDemo.kt:135:13 Unresolved reference 'NeuralNode'.
e: file:///C:/Users/aditya/Desktop/sustainable-habits-android/features/demo/src/main/java/com/example/myapplic
ation/features/UltraAdvancedFeaturesDemo.kt:141:13 Unresolved reference 'NeuralNode'.
e: file:///C:/Users/aditya/Desktop/sustainable-habits-android/features/demo/src/main/java/com/example/myapplic
ation/features/UltraAdvancedFeaturesDemo.kt:147:13 Unresolved reference 'NeuralNode'.
e: file:///C:/Users/aditya/Desktop/sustainable-habits-android/features/demo/src/main/java/com/example/myapplic
ation/features/UltraAdvancedFeaturesDemo.kt:153:13 Unresolved reference 'NeuralNode'.
e: file:///C:/Users/aditya/Desktop/sustainable-habits-android/features/demo/src/main/java/com/example/myapplic
ation/features/UltraAdvancedFeaturesDemo.kt:159:13 Unresolved reference 'NeuralNode'.
e: file:///C:/Users/aditya/Desktop/sustainable-habits-android/features/demo/src/main/java/com/example/myapplic
ation/features/UltraAdvancedFeaturesDemo.kt:168:18 Unresolved reference 'connections'.
e: file:///C:/Users/aditya/Desktop/sustainable-habits-android/features/demo/src/main/java/com/example/myapplic
ation/features/UltraAdvancedFeaturesDemo.kt:168:43 Unresolved reference 'id'.
e: file:///C:/Users/aditya/Desktop/sustainable-habits-android/features/demo/src/main/java/com/example/myapplic
ation/features/UltraAdvancedFeaturesDemo.kt:169:18 Unresolved reference 'connections'.
e: file:///C:/Users/aditya/Desktop/sustainable-habits-android/features/demo/src/main/java/com/example/myapplic
ation/features/UltraAdvancedFeaturesDemo.kt:169:43 Unresolved reference 'id'.
e: file:///C:/Users/aditya/Desktop/sustainable-habits-android/features/demo/src/main/java/com/example/myapplic
ation/features/UltraAdvancedFeaturesDemo.kt:170:18 Unresolved reference 'connections'.
e: file:///C:/Users/aditya/Desktop/sustainable-habits-android/features/demo/src/main/java/com/example/myapplic
ation/features/UltraAdvancedFeaturesDemo.kt:170:43 Unresolved reference 'id'.
e: file:///C:/Users/aditya/Desktop/sustainable-habits-android/features/demo/src/main/java/com/example/myapplic
ation/features/UltraAdvancedFeaturesDemo.kt:171:18 Unresolved reference 'connections'.
e: file:///C:/Users/aditya/Desktop/sustainable-habits-android/features/demo/src/main/java/com/example/myapplic
ation/features/UltraAdvancedFeaturesDemo.kt:171:43 Unresolved reference 'id'.
e: file:///C:/Users/aditya/Desktop/sustainable-habits-android/features/demo/src/main/java/com/example/myapplic
ation/features/UltraAdvancedFeaturesDemo.kt:172:18 Unresolved reference 'connections'.
e: file:///C:/Users/aditya/Desktop/sustainable-habits-android/features/demo/src/main/java/com/example/myapplic
ation/features/UltraAdvancedFeaturesDemo.kt:172:43 Unresolved reference 'id'.
e: file:///C:/Users/aditya/Desktop/sustainable-habits-android/features/demo/src/main/java/com/example/myapplic
ation/features/UltraAdvancedFeaturesDemo.kt:178:29 Cannot infer type for this parameter. Specify it 
explicitly.
e: file:///C:/Users/aditya/Desktop/sustainable-habits-android/features/demo/src/main/java/com/example/myapplic
ation/features/UltraAdvancedFeaturesDemo.kt:178:29 Not enough information to infer type argument for 'T'.
e: file:///C:/Users/aditya/Desktop/sustainable-habits-android/features/demo/src/main/java/com/example/myapplic
ation/features/UltraAdvancedFeaturesDemo.kt:179:9 Cannot infer type for this parameter. Specify it explicitly.
e: file:///C:/Users/aditya/Desktop/sustainable-habits-android/features/demo/src/main/java/com/example/myapplic
ation/features/UltraAdvancedFeaturesDemo.kt:179:9 Not enough information to infer type argument for 'T'.
e: file:///C:/Users/aditya/Desktop/sustainable-habits-android/features/demo/src/main/java/com/example/myapplic
ation/features/UltraAdvancedFeaturesDemo.kt:180:13 Unresolved reference 'HabitPrediction'.
e: file:///C:/Users/aditya/Desktop/sustainable-habits-android/features/demo/src/main/java/com/example/myapplic
ation/features/UltraAdvancedFeaturesDemo.kt:183:34 Unresolved reference 'PredictionType'.
e: file:///C:/Users/aditya/Desktop/sustainable-habits-android/features/demo/src/main/java/com/example/myapplic
ation/features/UltraAdvancedFeaturesDemo.kt:187:27 Cannot infer type for this parameter. Specify it 
explicitly.
e: file:///C:/Users/aditya/Desktop/sustainable-habits-android/features/demo/src/main/java/com/example/myapplic
ation/features/UltraAdvancedFeaturesDemo.kt:188:21 Unresolved reference 'PredictionFactorDetail'.
e: file:///C:/Users/aditya/Desktop/sustainable-habits-android/features/demo/src/main/java/com/example/myapplic
ation/features/UltraAdvancedFeaturesDemo.kt:189:21 Unresolved reference 'PredictionFactorDetail'.
e: file:///C:/Users/aditya/Desktop/sustainable-habits-android/features/demo/src/main/java/com/example/myapplic
ation/features/UltraAdvancedFeaturesDemo.kt:190:21 Unresolved reference 'PredictionFactorDetail'.
e: file:///C:/Users/aditya/Desktop/sustainable-habits-android/features/demo/src/main/java/com/example/myapplic
ation/features/UltraAdvancedFeaturesDemo.kt:193:13 Unresolved reference 'HabitPrediction'.
e: file:///C:/Users/aditya/Desktop/sustainable-habits-android/features/demo/src/main/java/com/example/myapplic
ation/features/UltraAdvancedFeaturesDemo.kt:196:34 Unresolved reference 'PredictionType'.
e: file:///C:/Users/aditya/Desktop/sustainable-habits-android/features/demo/src/main/java/com/example/myapplic
ation/features/UltraAdvancedFeaturesDemo.kt:200:27 Cannot infer type for this parameter. Specify it 
explicitly.
e: file:///C:/Users/aditya/Desktop/sustainable-habits-android/features/demo/src/main/java/com/example/myapplic
ation/features/UltraAdvancedFeaturesDemo.kt:201:21 Unresolved reference 'PredictionFactorDetail'.
e: file:///C:/Users/aditya/Desktop/sustainable-habits-android/features/demo/src/main/java/com/example/myapplic
ation/features/UltraAdvancedFeaturesDemo.kt:202:21 Unresolved reference 'PredictionFactorDetail'.
e: file:///C:/Users/aditya/Desktop/sustainable-habits-android/features/demo/src/main/java/com/example/myapplic
ation/features/UltraAdvancedFeaturesDemo.kt:203:21 Unresolved reference 'PredictionFactorDetail'.
e: file:///C:/Users/aditya/Desktop/sustainable-habits-android/features/demo/src/main/java/com/example/myapplic
ation/features/UltraAdvancedFeaturesDemo.kt:206:13 Unresolved reference 'HabitPrediction'.
e: file:///C:/Users/aditya/Desktop/sustainable-habits-android/features/demo/src/main/java/com/example/myapplic
ation/features/UltraAdvancedFeaturesDemo.kt:209:34 Unresolved reference 'PredictionType'.
e: file:///C:/Users/aditya/Desktop/sustainable-habits-android/features/demo/src/main/java/com/example/myapplic
ation/features/UltraAdvancedFeaturesDemo.kt:213:27 Cannot infer type for this parameter. Specify it 
explicitly.
e: file:///C:/Users/aditya/Desktop/sustainable-habits-android/features/demo/src/main/java/com/example/myapplic
ation/features/UltraAdvancedFeaturesDemo.kt:214:21 Unresolved reference 'PredictionFactorDetail'.
e: file:///C:/Users/aditya/Desktop/sustainable-habits-android/features/demo/src/main/java/com/example/myapplic
ation/features/UltraAdvancedFeaturesDemo.kt:215:21 Unresolved reference 'PredictionFactorDetail'.
e: file:///C:/Users/aditya/Desktop/sustainable-habits-android/features/demo/src/main/java/com/example/myapplic
ation/features/UltraAdvancedFeaturesDemo.kt:216:21 Unresolved reference 'PredictionFactorDetail'.
e: file:///C:/Users/aditya/Desktop/sustainable-habits-android/features/demo/src/main/java/com/example/myapplic
ation/features/UltraAdvancedFeaturesDemo.kt:439:29 Unresolved reference 'NeuralInterfaceSimulation'.
e: file:///C:/Users/aditya/Desktop/sustainable-habits-android/features/demo/src/main/java/com/example/myapplic
ation/features/UltraAdvancedFeaturesDemo.kt:467:29 Unresolved reference 'MLModelTrainingVisualizer'.
e: file:///C:/Users/aditya/Desktop/sustainable-habits-android/features/demo/src/main/java/com/example/myapplic
ation/features/UltraAdvancedFeaturesDemo.kt:474:29 Unresolved reference 'HabitPredictionList'.
e: file:///C:/Users/aditya/Desktop/sustainable-habits-android/features/demo/src/main/java/com/example/myapplic
ation/features/UltraAdvancedFeaturesDemo.kt:512:29 Unresolved reference 'HeartRateMonitor'.
e: file:///C:/Users/aditya/Desktop/sustainable-habits-android/features/demo/src/main/java/com/example/myapplic
ation/features/UltraAdvancedFeaturesDemo.kt:520:29 Unresolved reference 'SleepQualityVisualizer'.
e: file:///C:/Users/aditya/Desktop/sustainable-habits-android/features/demo/src/main/java/com/example/myapplic
ation/features/UltraAdvancedFeaturesDemo.kt:528:29 Unresolved reference 'BiometricComponents'.
e: file:///C:/Users/aditya/Desktop/sustainable-habits-android/features/demo/src/main/java/com/example/myapplic
ation/features/UltraAdvancedFeaturesDemo.kt:567:29 Unresolved reference 'SpatialEnvironment'.
e: file:///C:/Users/aditya/Desktop/sustainable-habits-android/features/demo/src/main/java/com/example/myapplic
ation/features/UltraAdvancedFeaturesDemo.kt:573:51 Cannot infer type for this parameter. Specify it 
explicitly.
e: file:///C:/Users/aditya/Desktop/sustainable-habits-android/features/demo/src/main/java/com/example/myapplic
ation/features/UltraAdvancedFeaturesDemo.kt:610:64 Unresolved reference 'voice'.
e: file:///C:/Users/aditya/Desktop/sustainable-habits-android/features/demo/src/main/java/com/example/myapplic
ation/features/UltraAdvancedFeaturesDemo.kt:619:64 Unresolved reference 'voice'.
e: file:///C:/Users/aditya/Desktop/sustainable-habits-android/features/demo/src/main/java/com/example/myapplic
ation/features/UltraAdvancedFeaturesDemo.kt:658:29 Unresolved reference 'QuantumSuperpositionVisualizer'.
e: file:///C:/Users/aditya/Desktop/sustainable-habits-android/features/demo/src/main/java/com/example/myapplic
ation/features/UltraAdvancedFeaturesDemo.kt:678:29 Unresolved reference 'QuantumInterferencePattern'.

> Task :features:ai:compileDebugKotlin FAILED
e: file:///C:/Users/aditya/Desktop/sustainable-habits-android/features/ai/src/main/java/com/example/myapplicat
ion/features/ai/AIAssistantScreen.kt:93:39 Unresolved reference 'savePersonalizationSettings'.
e: file:///C:/Users/aditya/Desktop/sustainable-habits-android/features/ai/src/main/java/com/example/myapplicat
ion/features/ai/AIAssistantScreen.kt:111:39 Unresolved reference 'savePersonalizationSettings'.
e: file:///C:/Users/aditya/Desktop/sustainable-habits-android/features/ai/src/main/java/com/example/myapplicat
ion/features/ai/AIAssistantScreen.kt:149:35 Unresolved reference 'startVoiceInput'.
e: file:///C:/Users/aditya/Desktop/sustainable-habits-android/features/ai/src/main/java/com/example/myapplicat
ion/features/ai/AIAssistantScreen.kt:155:35 Unresolved reference 'stopVoiceInput'.
e: file:///C:/Users/aditya/Desktop/sustainable-habits-android/features/ai/src/main/java/com/example/myapplicat
ion/features/ai/AIAssistantScreen.kt:196:35 Unresolved reference 'processSuggestion'.
e: file:///C:/Users/aditya/Desktop/sustainable-habits-android/features/ai/src/main/java/com/example/myapplicat
ion/features/ai/AIAssistantScreen.kt:206:35 Unresolved reference 'askQuestion'.
e: file:///C:/Users/aditya/Desktop/sustainable-habits-android/features/ai/src/main/java/com/example/myapplicat
ion/features/ai/AIAssistantViewModel.kt:129:9 Unresolved reference 'loadMoodData'.
e: file:///C:/Users/aditya/Desktop/sustainable-habits-android/features/ai/src/main/java/com/example/myapplicat
ion/features/ai/AIAssistantViewModel.kt:130:9 Unresolved reference 'loadLocationData'.
e: file:///C:/Users/aditya/Desktop/sustainable-habits-android/features/ai/src/main/java/com/example/myapplicat
ion/features/ai/AIAssistantViewModel.kt:131:9 Unresolved reference 'loadTimePatterns'.
e: file:///C:/Users/aditya/Desktop/sustainable-habits-android/features/ai/src/main/java/com/example/myapplicat
ion/features/ai/AIAssistantViewModel.kt:154:9 Syntax error: Expecting member declaration.
e: file:///C:/Users/aditya/Desktop/sustainable-habits-android/features/ai/src/main/java/com/example/myapplicat
ion/features/ai/AIAssistantViewModel.kt:154:23 Syntax error: Expecting member declaration.
e: file:///C:/Users/aditya/Desktop/sustainable-habits-android/features/ai/src/main/java/com/example/myapplicat
ion/features/ai/AIAssistantViewModel.kt:154:24 Syntax error: Expecting member declaration.
e: file:///C:/Users/aditya/Desktop/sustainable-habits-android/features/ai/src/main/java/com/example/myapplicat
ion/features/ai/AIAssistantViewModel.kt:154:30 Syntax error: Expecting member declaration.
e: file:///C:/Users/aditya/Desktop/sustainable-habits-android/features/ai/src/main/java/com/example/myapplicat
ion/features/ai/AIAssistantViewModel.kt:154:31 Syntax error: Expecting member declaration.
e: file:///C:/Users/aditya/Desktop/sustainable-habits-android/features/ai/src/main/java/com/example/myapplicat
ion/features/ai/AIAssistantViewModel.kt:154:43 Syntax error: Expecting member declaration.
e: file:///C:/Users/aditya/Desktop/sustainable-habits-android/features/ai/src/main/java/com/example/myapplicat
ion/features/ai/AIAssistantViewModel.kt:154:45 Syntax error: Expecting member declaration.
e: file:///C:/Users/aditya/Desktop/sustainable-habits-android/features/ai/src/main/java/com/example/myapplicat
ion/features/ai/AIAssistantViewModel.kt:154:45 Function declaration must have a name.
e: file:///C:/Users/aditya/Desktop/sustainable-habits-android/features/ai/src/main/java/com/example/myapplicat
ion/features/ai/AIAssistantViewModel.kt:162:9 Syntax error: Expecting a top level declaration.
e: file:///C:/Users/aditya/Desktop/sustainable-habits-android/features/ai/src/main/java/com/example/myapplicat
ion/features/ai/AIAssistantViewModel.kt:162:23 Syntax error: Expecting a top level declaration.
e: file:///C:/Users/aditya/Desktop/sustainable-habits-android/features/ai/src/main/java/com/example/myapplicat
ion/features/ai/AIAssistantViewModel.kt:162:24 Syntax error: Expecting a top level declaration.
e: file:///C:/Users/aditya/Desktop/sustainable-habits-android/features/ai/src/main/java/com/example/myapplicat
ion/features/ai/AIAssistantViewModel.kt:162:30 Syntax error: Expecting a top level declaration.
e: file:///C:/Users/aditya/Desktop/sustainable-habits-android/features/ai/src/main/java/com/example/myapplicat
ion/features/ai/AIAssistantViewModel.kt:162:31 Syntax error: Expecting a top level declaration.
e: file:///C:/Users/aditya/Desktop/sustainable-habits-android/features/ai/src/main/java/com/example/myapplicat
ion/features/ai/AIAssistantViewModel.kt:162:43 Syntax error: Expecting a top level declaration.
e: file:///C:/Users/aditya/Desktop/sustainable-habits-android/features/ai/src/main/java/com/example/myapplicat
ion/features/ai/AIAssistantViewModel.kt:162:45 Syntax error: Expecting a top level declaration.
e: file:///C:/Users/aditya/Desktop/sustainable-habits-android/features/ai/src/main/java/com/example/myapplicat
ion/features/ai/AIAssistantViewModel.kt:162:45 Function declaration must have a name.
e: file:///C:/Users/aditya/Desktop/sustainable-habits-android/features/ai/src/main/java/com/example/myapplicat
ion/features/ai/AIAssistantViewModel.kt:163:13 Unresolved reference '_locationData'.
e: file:///C:/Users/aditya/Desktop/sustainable-habits-android/features/ai/src/main/java/com/example/myapplicat
ion/features/ai/AIAssistantViewModel.kt:163:35 Cannot infer type for this parameter. Specify it explicitly.
e: file:///C:/Users/aditya/Desktop/sustainable-habits-android/features/ai/src/main/java/com/example/myapplicat
ion/features/ai/AIAssistantViewModel.kt:163:35 Not enough information to infer type argument for 'T'.
e: file:///C:/Users/aditya/Desktop/sustainable-habits-android/features/ai/src/main/java/com/example/myapplicat
ion/features/ai/AIAssistantViewModel.kt:165:5 Syntax error: Expecting a top level declaration.
e: file:///C:/Users/aditya/Desktop/sustainable-habits-android/features/ai/src/main/java/com/example/myapplicat
ion/features/ai/AIAssistantViewModel.kt:170:9 Syntax error: Expecting a top level declaration.
e: file:///C:/Users/aditya/Desktop/sustainable-habits-android/features/ai/src/main/java/com/example/myapplicat
ion/features/ai/AIAssistantViewModel.kt:170:23 Syntax error: Expecting a top level declaration.
e: file:///C:/Users/aditya/Desktop/sustainable-habits-android/features/ai/src/main/java/com/example/myapplicat
ion/features/ai/AIAssistantViewModel.kt:170:24 Syntax error: Expecting a top level declaration.
e: file:///C:/Users/aditya/Desktop/sustainable-habits-android/features/ai/src/main/java/com/example/myapplicat
ion/features/ai/AIAssistantViewModel.kt:170:30 Syntax error: Expecting a top level declaration.
e: file:///C:/Users/aditya/Desktop/sustainable-habits-android/features/ai/src/main/java/com/example/myapplicat
ion/features/ai/AIAssistantViewModel.kt:170:31 Syntax error: Expecting a top level declaration.
e: file:///C:/Users/aditya/Desktop/sustainable-habits-android/features/ai/src/main/java/com/example/myapplicat
ion/features/ai/AIAssistantViewModel.kt:170:43 Syntax error: Expecting a top level declaration.
e: file:///C:/Users/aditya/Desktop/sustainable-habits-android/features/ai/src/main/java/com/example/myapplicat
ion/features/ai/AIAssistantViewModel.kt:170:45 Syntax error: Expecting a top level declaration.
e: file:///C:/Users/aditya/Desktop/sustainable-habits-android/features/ai/src/main/java/com/example/myapplicat
ion/features/ai/AIAssistantViewModel.kt:170:45 Function declaration must have a name.
e: file:///C:/Users/aditya/Desktop/sustainable-habits-android/features/ai/src/main/java/com/example/myapplicat
ion/features/ai/AIAssistantViewModel.kt:171:13 Unresolved reference '_timePatterns'.
e: file:///C:/Users/aditya/Desktop/sustainable-habits-android/features/ai/src/main/java/com/example/myapplicat
ion/features/ai/AIAssistantViewModel.kt:171:35 Cannot infer type for this parameter. Specify it explicitly.
e: file:///C:/Users/aditya/Desktop/sustainable-habits-android/features/ai/src/main/java/com/example/myapplicat
ion/features/ai/AIAssistantViewModel.kt:171:35 Not enough information to infer type argument for 'T'.
e: file:///C:/Users/aditya/Desktop/sustainable-habits-android/features/ai/src/main/java/com/example/myapplicat
ion/features/ai/AIAssistantViewModel.kt:173:5 Syntax error: Expecting a top level declaration.
e: file:///C:/Users/aditya/Desktop/sustainable-habits-android/features/ai/src/main/java/com/example/myapplicat
ion/features/ai/AIAssistantViewModel.kt:179:9 Unresolved reference 'viewModelScope'.
e: file:///C:/Users/aditya/Desktop/sustainable-habits-android/features/ai/src/main/java/com/example/myapplicat
ion/features/ai/AIAssistantViewModel.kt:179:31 Unresolved reference 'ioDispatcher'.
e: file:///C:/Users/aditya/Desktop/sustainable-habits-android/features/ai/src/main/java/com/example/myapplicat
ion/features/ai/AIAssistantViewModel.kt:180:13 Unresolved reference '_personalizationSettings'.
e: file:///C:/Users/aditya/Desktop/sustainable-habits-android/features/ai/src/main/java/com/example/myapplicat
ion/features/ai/AIAssistantViewModel.kt:188:9 Unresolved reference 'viewModelScope'.
e: file:///C:/Users/aditya/Desktop/sustainable-habits-android/features/ai/src/main/java/com/example/myapplicat
ion/features/ai/AIAssistantViewModel.kt:189:13 Unresolved reference '_isProcessing'.
e: file:///C:/Users/aditya/Desktop/sustainable-habits-android/features/ai/src/main/java/com/example/myapplicat
ion/features/ai/AIAssistantViewModel.kt:199:29 Unresolved reference 'aiService'.
e: file:///C:/Users/aditya/Desktop/sustainable-habits-android/features/ai/src/main/java/com/example/myapplicat
ion/features/ai/AIAssistantViewModel.kt:200:33 Unresolved reference '_userHabits'.
e: file:///C:/Users/aditya/Desktop/sustainable-habits-android/features/ai/src/main/java/com/example/myapplicat
ion/features/ai/AIAssistantViewModel.kt:201:33 Unresolved reference '_habitCompletions'.
e: file:///C:/Users/aditya/Desktop/sustainable-habits-android/features/ai/src/main/java/com/example/myapplicat
ion/features/ai/AIAssistantViewModel.kt:202:33 Unresolved reference '_moodData'.
e: file:///C:/Users/aditya/Desktop/sustainable-habits-android/features/ai/src/main/java/com/example/myapplicat
ion/features/ai/AIAssistantViewModel.kt:203:33 Unresolved reference '_locationData'.
e: file:///C:/Users/aditya/Desktop/sustainable-habits-android/features/ai/src/main/java/com/example/myapplicat
ion/features/ai/AIAssistantViewModel.kt:204:33 Unresolved reference '_timePatterns'.
e: file:///C:/Users/aditya/Desktop/sustainable-habits-android/features/ai/src/main/java/com/example/myapplicat
ion/features/ai/AIAssistantViewModel.kt:205:33 Unresolved reference '_personalizationSettings'.
e: file:///C:/Users/aditya/Desktop/sustainable-habits-android/features/ai/src/main/java/com/example/myapplicat
ion/features/ai/AIAssistantViewModel.kt:208:29 Unresolved reference 'aiService'.
e: file:///C:/Users/aditya/Desktop/sustainable-habits-android/features/ai/src/main/java/com/example/myapplicat
ion/features/ai/AIAssistantViewModel.kt:209:33 Unresolved reference '_userHabits'.
e: file:///C:/Users/aditya/Desktop/sustainable-habits-android/features/ai/src/main/java/com/example/myapplicat
ion/features/ai/AIAssistantViewModel.kt:210:33 Unresolved reference '_habitCompletions'.
e: file:///C:/Users/aditya/Desktop/sustainable-habits-android/features/ai/src/main/java/com/example/myapplicat
ion/features/ai/AIAssistantViewModel.kt:211:33 Unresolved reference '_moodData'.
e: file:///C:/Users/aditya/Desktop/sustainable-habits-android/features/ai/src/main/java/com/example/myapplicat
ion/features/ai/AIAssistantViewModel.kt:212:33 Unresolved reference '_locationData'.
e: file:///C:/Users/aditya/Desktop/sustainable-habits-android/features/ai/src/main/java/com/example/myapplicat
ion/features/ai/AIAssistantViewModel.kt:213:33 Unresolved reference '_timePatterns'.
e: file:///C:/Users/aditya/Desktop/sustainable-habits-android/features/ai/src/main/java/com/example/myapplicat
ion/features/ai/AIAssistantViewModel.kt:214:33 Unresolved reference '_personalizationSettings'.
e: file:///C:/Users/aditya/Desktop/sustainable-habits-android/features/ai/src/main/java/com/example/myapplicat
ion/features/ai/AIAssistantViewModel.kt:217:29 Unresolved reference 'aiService'.
e: file:///C:/Users/aditya/Desktop/sustainable-habits-android/features/ai/src/main/java/com/example/myapplicat
ion/features/ai/AIAssistantViewModel.kt:218:33 Unresolved reference '_userHabits'.
e: file:///C:/Users/aditya/Desktop/sustainable-habits-android/features/ai/src/main/java/com/example/myapplicat
ion/features/ai/AIAssistantViewModel.kt:219:33 Unresolved reference '_habitCompletions'.
e: file:///C:/Users/aditya/Desktop/sustainable-habits-android/features/ai/src/main/java/com/example/myapplicat
ion/features/ai/AIAssistantViewModel.kt:220:33 Unresolved reference '_moodData'.
e: file:///C:/Users/aditya/Desktop/sustainable-habits-android/features/ai/src/main/java/com/example/myapplicat
ion/features/ai/AIAssistantViewModel.kt:221:33 Unresolved reference '_locationData'.
e: file:///C:/Users/aditya/Desktop/sustainable-habits-android/features/ai/src/main/java/com/example/myapplicat
ion/features/ai/AIAssistantViewModel.kt:222:33 Unresolved reference '_timePatterns'.
e: file:///C:/Users/aditya/Desktop/sustainable-habits-android/features/ai/src/main/java/com/example/myapplicat
ion/features/ai/AIAssistantViewModel.kt:223:33 Unresolved reference '_personalizationSettings'.
e: file:///C:/Users/aditya/Desktop/sustainable-habits-android/features/ai/src/main/java/com/example/myapplicat
ion/features/ai/AIAssistantViewModel.kt:226:29 Unresolved reference 'aiService'.
e: file:///C:/Users/aditya/Desktop/sustainable-habits-android/features/ai/src/main/java/com/example/myapplicat
ion/features/ai/AIAssistantViewModel.kt:227:33 Unresolved reference '_userHabits'.
e: file:///C:/Users/aditya/Desktop/sustainable-habits-android/features/ai/src/main/java/com/example/myapplicat
ion/features/ai/AIAssistantViewModel.kt:228:33 Unresolved reference '_habitCompletions'.
e: file:///C:/Users/aditya/Desktop/sustainable-habits-android/features/ai/src/main/java/com/example/myapplicat
ion/features/ai/AIAssistantViewModel.kt:229:33 Unresolved reference '_moodData'.
e: file:///C:/Users/aditya/Desktop/sustainable-habits-android/features/ai/src/main/java/com/example/myapplicat
ion/features/ai/AIAssistantViewModel.kt:230:33 Unresolved reference '_locationData'.
e: file:///C:/Users/aditya/Desktop/sustainable-habits-android/features/ai/src/main/java/com/example/myapplicat
ion/features/ai/AIAssistantViewModel.kt:231:33 Unresolved reference '_timePatterns'.
e: file:///C:/Users/aditya/Desktop/sustainable-habits-android/features/ai/src/main/java/com/example/myapplicat
ion/features/ai/AIAssistantViewModel.kt:232:33 Unresolved reference '_personalizationSettings'.
e: file:///C:/Users/aditya/Desktop/sustainable-habits-android/features/ai/src/main/java/com/example/myapplicat
ion/features/ai/AIAssistantViewModel.kt:235:29 Unresolved reference 'aiService'.
e: file:///C:/Users/aditya/Desktop/sustainable-habits-android/features/ai/src/main/java/com/example/myapplicat
ion/features/ai/AIAssistantViewModel.kt:236:33 Unresolved reference '_userHabits'.
e: file:///C:/Users/aditya/Desktop/sustainable-habits-android/features/ai/src/main/java/com/example/myapplicat
ion/features/ai/AIAssistantViewModel.kt:237:33 Unresolved reference '_habitCompletions'.
e: file:///C:/Users/aditya/Desktop/sustainable-habits-android/features/ai/src/main/java/com/example/myapplicat
ion/features/ai/AIAssistantViewModel.kt:238:33 Unresolved reference '_moodData'.
e: file:///C:/Users/aditya/Desktop/sustainable-habits-android/features/ai/src/main/java/com/example/myapplicat
ion/features/ai/AIAssistantViewModel.kt:239:33 Unresolved reference '_locationData'.
e: file:///C:/Users/aditya/Desktop/sustainable-habits-android/features/ai/src/main/java/com/example/myapplicat
ion/features/ai/AIAssistantViewModel.kt:240:33 Unresolved reference '_timePatterns'.
e: file:///C:/Users/aditya/Desktop/sustainable-habits-android/features/ai/src/main/java/com/example/myapplicat
ion/features/ai/AIAssistantViewModel.kt:241:33 Unresolved reference '_personalizationSettings'.
e: file:///C:/Users/aditya/Desktop/sustainable-habits-android/features/ai/src/main/java/com/example/myapplicat
ion/features/ai/AIAssistantViewModel.kt:244:29 Unresolved reference 'aiService'.
e: file:///C:/Users/aditya/Desktop/sustainable-habits-android/features/ai/src/main/java/com/example/myapplicat
ion/features/ai/AIAssistantViewModel.kt:245:33 Unresolved reference '_userHabits'.
e: file:///C:/Users/aditya/Desktop/sustainable-habits-android/features/ai/src/main/java/com/example/myapplicat
ion/features/ai/AIAssistantViewModel.kt:246:33 Unresolved reference '_habitCompletions'.
e: file:///C:/Users/aditya/Desktop/sustainable-habits-android/features/ai/src/main/java/com/example/myapplicat
ion/features/ai/AIAssistantViewModel.kt:247:33 Unresolved reference '_moodData'.
e: file:///C:/Users/aditya/Desktop/sustainable-habits-android/features/ai/src/main/java/com/example/myapplicat
ion/features/ai/AIAssistantViewModel.kt:248:33 Unresolved reference '_locationData'.
e: file:///C:/Users/aditya/Desktop/sustainable-habits-android/features/ai/src/main/java/com/example/myapplicat
ion/features/ai/AIAssistantViewModel.kt:249:33 Unresolved reference '_timePatterns'.
e: file:///C:/Users/aditya/Desktop/sustainable-habits-android/features/ai/src/main/java/com/example/myapplicat
ion/features/ai/AIAssistantViewModel.kt:250:33 Unresolved reference '_personalizationSettings'.
e: file:///C:/Users/aditya/Desktop/sustainable-habits-android/features/ai/src/main/java/com/example/myapplicat
ion/features/ai/AIAssistantViewModel.kt:253:29 Unresolved reference 'aiService'.
e: file:///C:/Users/aditya/Desktop/sustainable-habits-android/features/ai/src/main/java/com/example/myapplicat
ion/features/ai/AIAssistantViewModel.kt:254:33 Unresolved reference '_userHabits'.
e: file:///C:/Users/aditya/Desktop/sustainable-habits-android/features/ai/src/main/java/com/example/myapplicat
ion/features/ai/AIAssistantViewModel.kt:255:33 Unresolved reference '_habitCompletions'.
e: file:///C:/Users/aditya/Desktop/sustainable-habits-android/features/ai/src/main/java/com/example/myapplicat
ion/features/ai/AIAssistantViewModel.kt:256:33 Unresolved reference '_moodData'.
e: file:///C:/Users/aditya/Desktop/sustainable-habits-android/features/ai/src/main/java/com/example/myapplicat
ion/features/ai/AIAssistantViewModel.kt:257:33 Unresolved reference '_locationData'.
e: file:///C:/Users/aditya/Desktop/sustainable-habits-android/features/ai/src/main/java/com/example/myapplicat
ion/features/ai/AIAssistantViewModel.kt:258:33 Unresolved reference '_timePatterns'.
e: file:///C:/Users/aditya/Desktop/sustainable-habits-android/features/ai/src/main/java/com/example/myapplicat
ion/features/ai/AIAssistantViewModel.kt:259:33 Unresolved reference '_personalizationSettings'.
e: file:///C:/Users/aditya/Desktop/sustainable-habits-android/features/ai/src/main/java/com/example/myapplicat
ion/features/ai/AIAssistantViewModel.kt:264:21 Unresolved reference '_responses'.
e: file:///C:/Users/aditya/Desktop/sustainable-habits-android/features/ai/src/main/java/com/example/myapplicat
ion/features/ai/AIAssistantViewModel.kt:264:40 Unresolved reference '_responses'.
e: file:///C:/Users/aditya/Desktop/sustainable-habits-android/features/ai/src/main/java/com/example/myapplicat
ion/features/ai/AIAssistantViewModel.kt:264:59 Cannot infer type for this parameter. Specify it explicitly.
e: file:///C:/Users/aditya/Desktop/sustainable-habits-android/features/ai/src/main/java/com/example/myapplicat
ion/features/ai/AIAssistantViewModel.kt:267:21 Unresolved reference '_suggestions'.
e: file:///C:/Users/aditya/Desktop/sustainable-habits-android/features/ai/src/main/java/com/example/myapplicat
ion/features/ai/AIAssistantViewModel.kt:267:42 Unresolved reference 'aiService'.
e: file:///C:/Users/aditya/Desktop/sustainable-habits-android/features/ai/src/main/java/com/example/myapplicat
ion/features/ai/AIAssistantViewModel.kt:268:25 Unresolved reference '_userHabits'.
e: file:///C:/Users/aditya/Desktop/sustainable-habits-android/features/ai/src/main/java/com/example/myapplicat
ion/features/ai/AIAssistantViewModel.kt:270:25 Unresolved reference '_habitCompletions'.
e: file:///C:/Users/aditya/Desktop/sustainable-habits-android/features/ai/src/main/java/com/example/myapplicat
ion/features/ai/AIAssistantViewModel.kt:271:25 Unresolved reference '_moodData'.
e: file:///C:/Users/aditya/Desktop/sustainable-habits-android/features/ai/src/main/java/com/example/myapplicat
ion/features/ai/AIAssistantViewModel.kt:272:25 Unresolved reference '_locationData'.
e: file:///C:/Users/aditya/Desktop/sustainable-habits-android/features/ai/src/main/java/com/example/myapplicat
ion/features/ai/AIAssistantViewModel.kt:273:25 Unresolved reference '_timePatterns'.
e: file:///C:/Users/aditya/Desktop/sustainable-habits-android/features/ai/src/main/java/com/example/myapplicat
ion/features/ai/AIAssistantViewModel.kt:274:25 Unresolved reference '_personalizationSettings'.
e: file:///C:/Users/aditya/Desktop/sustainable-habits-android/features/ai/src/main/java/com/example/myapplicat
ion/features/ai/AIAssistantViewModel.kt:282:17 Unresolved reference '_responses'.
e: file:///C:/Users/aditya/Desktop/sustainable-habits-android/features/ai/src/main/java/com/example/myapplicat
ion/features/ai/AIAssistantViewModel.kt:282:36 Unresolved reference '_responses'.
e: file:///C:/Users/aditya/Desktop/sustainable-habits-android/features/ai/src/main/java/com/example/myapplicat
ion/features/ai/AIAssistantViewModel.kt:287:21 Unresolved reference '_isProcessing'.
e: file:///C:/Users/aditya/Desktop/sustainable-habits-android/features/ai/src/main/java/com/example/myapplicat
ion/features/ai/AIAssistantViewModel.kt:298:13 Unresolved reference '_isStreaming'.
e: file:///C:/Users/aditya/Desktop/sustainable-habits-android/features/ai/src/main/java/com/example/myapplicat
ion/features/ai/AIAssistantViewModel.kt:299:13 Unresolved reference '_streamingResponse'.
e: file:///C:/Users/aditya/Desktop/sustainable-habits-android/features/ai/src/main/java/com/example/myapplicat
ion/features/ai/AIAssistantViewModel.kt:313:13 Unresolved reference 'aiService'.
e: file:///C:/Users/aditya/Desktop/sustainable-habits-android/features/ai/src/main/java/com/example/myapplicat
ion/features/ai/AIAssistantViewModel.kt:315:17 Unresolved reference '_userHabits'.
e: file:///C:/Users/aditya/Desktop/sustainable-habits-android/features/ai/src/main/java/com/example/myapplicat
ion/features/ai/AIAssistantViewModel.kt:316:17 Unresolved reference '_habitCompletions'.
e: file:///C:/Users/aditya/Desktop/sustainable-habits-android/features/ai/src/main/java/com/example/myapplicat
ion/features/ai/AIAssistantViewModel.kt:317:17 Unresolved reference '_moodData'.
e: file:///C:/Users/aditya/Desktop/sustainable-habits-android/features/ai/src/main/java/com/example/myapplicat
ion/features/ai/AIAssistantViewModel.kt:318:17 Unresolved reference '_locationData'.
e: file:///C:/Users/aditya/Desktop/sustainable-habits-android/features/ai/src/main/java/com/example/myapplicat
ion/features/ai/AIAssistantViewModel.kt:319:17 Unresolved reference '_timePatterns'.
e: file:///C:/Users/aditya/Desktop/sustainable-habits-android/features/ai/src/main/java/com/example/myapplicat
ion/features/ai/AIAssistantViewModel.kt:320:17 Unresolved reference '_personalizationSettings'.
e: file:///C:/Users/aditya/Desktop/sustainable-habits-android/features/ai/src/main/java/com/example/myapplicat
ion/features/ai/AIAssistantViewModel.kt:321:15 Cannot infer type for this parameter. Specify it explicitly.
e: file:///C:/Users/aditya/Desktop/sustainable-habits-android/features/ai/src/main/java/com/example/myapplicat
ion/features/ai/AIAssistantViewModel.kt:321:15 'fun <T> SharedFlow<T>.flowOn(context: CoroutineContext): 
Flow<T>' is deprecated. Applying 'flowOn' to SharedFlow has no effect. See the SharedFlow documentation on 
Operator Fusion.
e: file:///C:/Users/aditya/Desktop/sustainable-habits-android/features/ai/src/main/java/com/example/myapplicat
ion/features/ai/AIAssistantViewModel.kt:321:22 Unresolved reference 'ioDispatcher'.
e: file:///C:/Users/aditya/Desktop/sustainable-habits-android/features/ai/src/main/java/com/example/myapplicat
ion/features/ai/AIAssistantViewModel.kt:321:46 Cannot infer type for this parameter. Specify it explicitly.
e: file:///C:/Users/aditya/Desktop/sustainable-habits-android/features/ai/src/main/java/com/example/myapplicat
ion/features/ai/AIAssistantViewModel.kt:323:17 Unresolved reference '_streamingResponse'.
e: file:///C:/Users/aditya/Desktop/sustainable-habits-android/features/ai/src/main/java/com/example/myapplicat
ion/features/ai/AIAssistantViewModel.kt:327:13 Unresolved reference '_responses'.
e: file:///C:/Users/aditya/Desktop/sustainable-habits-android/features/ai/src/main/java/com/example/myapplicat
ion/features/ai/AIAssistantViewModel.kt:327:32 Unresolved reference '_responses'.
e: file:///C:/Users/aditya/Desktop/sustainable-habits-android/features/ai/src/main/java/com/example/myapplicat
ion/features/ai/AIAssistantViewModel.kt:327:51 Cannot infer type for this parameter. Specify it explicitly.
e: file:///C:/Users/aditya/Desktop/sustainable-habits-android/features/ai/src/main/java/com/example/myapplicat
ion/features/ai/AIAssistantViewModel.kt:327:74 Unresolved reference '_streamingResponse'.
e: file:///C:/Users/aditya/Desktop/sustainable-habits-android/features/ai/src/main/java/com/example/myapplicat
ion/features/ai/AIAssistantViewModel.kt:330:13 Unresolved reference '_suggestions'.
e: file:///C:/Users/aditya/Desktop/sustainable-habits-android/features/ai/src/main/java/com/example/myapplicat
ion/features/ai/AIAssistantViewModel.kt:330:34 Unresolved reference 'aiService'.
e: file:///C:/Users/aditya/Desktop/sustainable-habits-android/features/ai/src/main/java/com/example/myapplicat
ion/features/ai/AIAssistantViewModel.kt:331:17 Unresolved reference '_userHabits'.
e: file:///C:/Users/aditya/Desktop/sustainable-habits-android/features/ai/src/main/java/com/example/myapplicat
ion/features/ai/AIAssistantViewModel.kt:333:17 Unresolved reference '_habitCompletions'.
e: file:///C:/Users/aditya/Desktop/sustainable-habits-android/features/ai/src/main/java/com/example/myapplicat
ion/features/ai/AIAssistantViewModel.kt:334:17 Unresolved reference '_moodData'.
e: file:///C:/Users/aditya/Desktop/sustainable-habits-android/features/ai/src/main/java/com/example/myapplicat
ion/features/ai/AIAssistantViewModel.kt:335:17 Unresolved reference '_locationData'.
e: file:///C:/Users/aditya/Desktop/sustainable-habits-android/features/ai/src/main/java/com/example/myapplicat
ion/features/ai/AIAssistantViewModel.kt:336:17 Unresolved reference '_timePatterns'.
e: file:///C:/Users/aditya/Desktop/sustainable-habits-android/features/ai/src/main/java/com/example/myapplicat
ion/features/ai/AIAssistantViewModel.kt:337:17 Unresolved reference '_personalizationSettings'.
e: file:///C:/Users/aditya/Desktop/sustainable-habits-android/features/ai/src/main/java/com/example/myapplicat
ion/features/ai/AIAssistantViewModel.kt:342:13 Unresolved reference '_isStreaming'.
e: file:///C:/Users/aditya/Desktop/sustainable-habits-android/features/ai/src/main/java/com/example/myapplicat
ion/features/ai/AIAssistantViewModel.kt:343:13 Unresolved reference '_isProcessing'.
e: file:///C:/Users/aditya/Desktop/sustainable-habits-android/features/ai/src/main/java/com/example/myapplicat
ion/features/ai/AIAssistantViewModel.kt:351:9 Unresolved reference 'viewModelScope'.
e: file:///C:/Users/aditya/Desktop/sustainable-habits-android/features/ai/src/main/java/com/example/myapplicat
ion/features/ai/AIAssistantViewModel.kt:352:13 Unresolved reference '_isProcessing'.
e: file:///C:/Users/aditya/Desktop/sustainable-habits-android/features/ai/src/main/java/com/example/myapplicat
ion/features/ai/AIAssistantViewModel.kt:360:36 Unresolved reference 'aiService'.
e: file:///C:/Users/aditya/Desktop/sustainable-habits-android/features/ai/src/main/java/com/example/myapplicat
ion/features/ai/AIAssistantViewModel.kt:362:25 Unresolved reference '_userHabits'.
e: file:///C:/Users/aditya/Desktop/sustainable-habits-android/features/ai/src/main/java/com/example/myapplicat
ion/features/ai/AIAssistantViewModel.kt:363:25 Unresolved reference '_habitCompletions'.
e: file:///C:/Users/aditya/Desktop/sustainable-habits-android/features/ai/src/main/java/com/example/myapplicat
ion/features/ai/AIAssistantViewModel.kt:364:25 Unresolved reference '_moodData'.
e: file:///C:/Users/aditya/Desktop/sustainable-habits-android/features/ai/src/main/java/com/example/myapplicat
ion/features/ai/AIAssistantViewModel.kt:365:25 Unresolved reference '_locationData'.
e: file:///C:/Users/aditya/Desktop/sustainable-habits-android/features/ai/src/main/java/com/example/myapplicat
ion/features/ai/AIAssistantViewModel.kt:366:25 Unresolved reference '_timePatterns'.
e: file:///C:/Users/aditya/Desktop/sustainable-habits-android/features/ai/src/main/java/com/example/myapplicat
ion/features/ai/AIAssistantViewModel.kt:367:25 Unresolved reference '_personalizationSettings'.
e: file:///C:/Users/aditya/Desktop/sustainable-habits-android/features/ai/src/main/java/com/example/myapplicat
ion/features/ai/AIAssistantViewModel.kt:371:21 Unresolved reference '_responses'.
e: file:///C:/Users/aditya/Desktop/sustainable-habits-android/features/ai/src/main/java/com/example/myapplicat
ion/features/ai/AIAssistantViewModel.kt:371:40 Unresolved reference '_responses'.
e: file:///C:/Users/aditya/Desktop/sustainable-habits-android/features/ai/src/main/java/com/example/myapplicat
ion/features/ai/AIAssistantViewModel.kt:371:59 Cannot infer type for this parameter. Specify it explicitly.
e: file:///C:/Users/aditya/Desktop/sustainable-habits-android/features/ai/src/main/java/com/example/myapplicat
ion/features/ai/AIAssistantViewModel.kt:382:21 Unresolved reference '_suggestions'.
e: file:///C:/Users/aditya/Desktop/sustainable-habits-android/features/ai/src/main/java/com/example/myapplicat
ion/features/ai/AIAssistantViewModel.kt:382:42 Unresolved reference 'aiService'.
e: file:///C:/Users/aditya/Desktop/sustainable-habits-android/features/ai/src/main/java/com/example/myapplicat
ion/features/ai/AIAssistantViewModel.kt:383:25 Unresolved reference '_userHabits'.
e: file:///C:/Users/aditya/Desktop/sustainable-habits-android/features/ai/src/main/java/com/example/myapplicat
ion/features/ai/AIAssistantViewModel.kt:385:25 Unresolved reference '_habitCompletions'.
e: file:///C:/Users/aditya/Desktop/sustainable-habits-android/features/ai/src/main/java/com/example/myapplicat
ion/features/ai/AIAssistantViewModel.kt:386:25 Unresolved reference '_moodData'.
e: file:///C:/Users/aditya/Desktop/sustainable-habits-android/features/ai/src/main/java/com/example/myapplicat
ion/features/ai/AIAssistantViewModel.kt:387:25 Unresolved reference '_locationData'.
e: file:///C:/Users/aditya/Desktop/sustainable-habits-android/features/ai/src/main/java/com/example/myapplicat
ion/features/ai/AIAssistantViewModel.kt:388:25 Unresolved reference '_timePatterns'.
e: file:///C:/Users/aditya/Desktop/sustainable-habits-android/features/ai/src/main/java/com/example/myapplicat
ion/features/ai/AIAssistantViewModel.kt:389:25 Unresolved reference '_personalizationSettings'.
e: file:///C:/Users/aditya/Desktop/sustainable-habits-android/features/ai/src/main/java/com/example/myapplicat
ion/features/ai/AIAssistantViewModel.kt:397:17 Unresolved reference '_responses'.
e: file:///C:/Users/aditya/Desktop/sustainable-habits-android/features/ai/src/main/java/com/example/myapplicat
ion/features/ai/AIAssistantViewModel.kt:397:36 Unresolved reference '_responses'.
e: file:///C:/Users/aditya/Desktop/sustainable-habits-android/features/ai/src/main/java/com/example/myapplicat
ion/features/ai/AIAssistantViewModel.kt:402:21 Unresolved reference '_isProcessing'.
e: file:///C:/Users/aditya/Desktop/sustainable-habits-android/features/ai/src/main/java/com/example/myapplicat
ion/features/ai/AIAssistantViewModel.kt:413:13 Unresolved reference '_isStreaming'.
e: file:///C:/Users/aditya/Desktop/sustainable-habits-android/features/ai/src/main/java/com/example/myapplicat
ion/features/ai/AIAssistantViewModel.kt:414:13 Unresolved reference '_streamingResponse'.
e: file:///C:/Users/aditya/Desktop/sustainable-habits-android/features/ai/src/main/java/com/example/myapplicat
ion/features/ai/AIAssistantViewModel.kt:417:13 Unresolved reference 'aiService'.
e: file:///C:/Users/aditya/Desktop/sustainable-habits-android/features/ai/src/main/java/com/example/myapplicat
ion/features/ai/AIAssistantViewModel.kt:419:17 Unresolved reference '_userHabits'.
e: file:///C:/Users/aditya/Desktop/sustainable-habits-android/features/ai/src/main/java/com/example/myapplicat
ion/features/ai/AIAssistantViewModel.kt:420:17 Unresolved reference '_habitCompletions'.
e: file:///C:/Users/aditya/Desktop/sustainable-habits-android/features/ai/src/main/java/com/example/myapplicat
ion/features/ai/AIAssistantViewModel.kt:421:17 Unresolved reference '_moodData'.
e: file:///C:/Users/aditya/Desktop/sustainable-habits-android/features/ai/src/main/java/com/example/myapplicat
ion/features/ai/AIAssistantViewModel.kt:422:17 Unresolved reference '_locationData'.
e: file:///C:/Users/aditya/Desktop/sustainable-habits-android/features/ai/src/main/java/com/example/myapplicat
ion/features/ai/AIAssistantViewModel.kt:423:17 Unresolved reference '_timePatterns'.
e: file:///C:/Users/aditya/Desktop/sustainable-habits-android/features/ai/src/main/java/com/example/myapplicat
ion/features/ai/AIAssistantViewModel.kt:424:17 Unresolved reference '_personalizationSettings'.
e: file:///C:/Users/aditya/Desktop/sustainable-habits-android/features/ai/src/main/java/com/example/myapplicat
ion/features/ai/AIAssistantViewModel.kt:425:15 Cannot infer type for this parameter. Specify it explicitly.
e: file:///C:/Users/aditya/Desktop/sustainable-habits-android/features/ai/src/main/java/com/example/myapplicat
ion/features/ai/AIAssistantViewModel.kt:425:15 'fun <T> SharedFlow<T>.flowOn(context: CoroutineContext): 
Flow<T>' is deprecated. Applying 'flowOn' to SharedFlow has no effect. See the SharedFlow documentation on 
Operator Fusion.
e: file:///C:/Users/aditya/Desktop/sustainable-habits-android/features/ai/src/main/java/com/example/myapplicat
ion/features/ai/AIAssistantViewModel.kt:425:22 Unresolved reference 'ioDispatcher'.
e: file:///C:/Users/aditya/Desktop/sustainable-habits-android/features/ai/src/main/java/com/example/myapplicat
ion/features/ai/AIAssistantViewModel.kt:425:46 Cannot infer type for this parameter. Specify it explicitly.
e: file:///C:/Users/aditya/Desktop/sustainable-habits-android/features/ai/src/main/java/com/example/myapplicat
ion/features/ai/AIAssistantViewModel.kt:427:17 Unresolved reference '_streamingResponse'.
e: file:///C:/Users/aditya/Desktop/sustainable-habits-android/features/ai/src/main/java/com/example/myapplicat
ion/features/ai/AIAssistantViewModel.kt:431:13 Unresolved reference '_responses'.
e: file:///C:/Users/aditya/Desktop/sustainable-habits-android/features/ai/src/main/java/com/example/myapplicat
ion/features/ai/AIAssistantViewModel.kt:431:32 Unresolved reference '_responses'.
e: file:///C:/Users/aditya/Desktop/sustainable-habits-android/features/ai/src/main/java/com/example/myapplicat
ion/features/ai/AIAssistantViewModel.kt:431:51 Cannot infer type for this parameter. Specify it explicitly.
e: file:///C:/Users/aditya/Desktop/sustainable-habits-android/features/ai/src/main/java/com/example/myapplicat
ion/features/ai/AIAssistantViewModel.kt:431:66 Unresolved reference '_streamingResponse'.
e: file:///C:/Users/aditya/Desktop/sustainable-habits-android/features/ai/src/main/java/com/example/myapplicat
ion/features/ai/AIAssistantViewModel.kt:442:13 Unresolved reference '_suggestions'.
e: file:///C:/Users/aditya/Desktop/sustainable-habits-android/features/ai/src/main/java/com/example/myapplicat
ion/features/ai/AIAssistantViewModel.kt:442:34 Unresolved reference 'aiService'.
e: file:///C:/Users/aditya/Desktop/sustainable-habits-android/features/ai/src/main/java/com/example/myapplicat
ion/features/ai/AIAssistantViewModel.kt:443:17 Unresolved reference '_userHabits'.
e: file:///C:/Users/aditya/Desktop/sustainable-habits-android/features/ai/src/main/java/com/example/myapplicat
ion/features/ai/AIAssistantViewModel.kt:445:17 Unresolved reference '_habitCompletions'.
e: file:///C:/Users/aditya/Desktop/sustainable-habits-android/features/ai/src/main/java/com/example/myapplicat
ion/features/ai/AIAssistantViewModel.kt:446:17 Unresolved reference '_moodData'.
e: file:///C:/Users/aditya/Desktop/sustainable-habits-android/features/ai/src/main/java/com/example/myapplicat
ion/features/ai/AIAssistantViewModel.kt:447:17 Unresolved reference '_locationData'.
e: file:///C:/Users/aditya/Desktop/sustainable-habits-android/features/ai/src/main/java/com/example/myapplicat
ion/features/ai/AIAssistantViewModel.kt:448:17 Unresolved reference '_timePatterns'.
e: file:///C:/Users/aditya/Desktop/sustainable-habits-android/features/ai/src/main/java/com/example/myapplicat
ion/features/ai/AIAssistantViewModel.kt:449:17 Unresolved reference '_personalizationSettings'.
e: file:///C:/Users/aditya/Desktop/sustainable-habits-android/features/ai/src/main/java/com/example/myapplicat
ion/features/ai/AIAssistantViewModel.kt:454:13 Unresolved reference '_isStreaming'.
e: file:///C:/Users/aditya/Desktop/sustainable-habits-android/features/ai/src/main/java/com/example/myapplicat
ion/features/ai/AIAssistantViewModel.kt:455:13 Unresolved reference '_isProcessing'.
e: file:///C:/Users/aditya/Desktop/sustainable-habits-android/features/ai/src/main/java/com/example/myapplicat
ion/features/ai/AIAssistantViewModel.kt:465:13 Unresolved reference '_isListening'.
e: file:///C:/Users/aditya/Desktop/sustainable-habits-android/features/ai/src/main/java/com/example/myapplicat
ion/features/ai/AIAssistantViewModel.kt:467:9 Unresolved reference '_isListening'.
e: file:///C:/Users/aditya/Desktop/sustainable-habits-android/features/ai/src/main/java/com/example/myapplicat
ion/features/ai/AIAssistantViewModel.kt:468:9 Unresolved reference '_voiceInputText'.
e: file:///C:/Users/aditya/Desktop/sustainable-habits-android/features/ai/src/main/java/com/example/myapplicat
ion/features/ai/AIAssistantViewModel.kt:470:9 Unresolved reference 'viewModelScope'.
e: file:///C:/Users/aditya/Desktop/sustainable-habits-android/features/ai/src/main/java/com/example/myapplicat
ion/features/ai/AIAssistantViewModel.kt:472:17 Unresolved reference 'voiceRecognitionService'.
e: file:///C:/Users/aditya/Desktop/sustainable-habits-android/features/ai/src/main/java/com/example/myapplicat
ion/features/ai/AIAssistantViewModel.kt:474:44 Cannot infer type for this parameter. Specify it explicitly.
e: file:///C:/Users/aditya/Desktop/sustainable-habits-android/features/ai/src/main/java/com/example/myapplicat
ion/features/ai/AIAssistantViewModel.kt:475:25 Unresolved reference '_voiceAmplitude'.
e: file:///C:/Users/aditya/Desktop/sustainable-habits-android/features/ai/src/main/java/com/example/myapplicat
ion/features/ai/AIAssistantViewModel.kt:477:41 Cannot infer type for this parameter. Specify it explicitly.
e: file:///C:/Users/aditya/Desktop/sustainable-habits-android/features/ai/src/main/java/com/example/myapplicat
ion/features/ai/AIAssistantViewModel.kt:478:25 Unresolved reference '_voiceInputText'.
e: file:///C:/Users/aditya/Desktop/sustainable-habits-android/features/ai/src/main/java/com/example/myapplicat
ion/features/ai/AIAssistantViewModel.kt:480:39 Cannot infer type for this parameter. Specify it explicitly.
e: file:///C:/Users/aditya/Desktop/sustainable-habits-android/features/ai/src/main/java/com/example/myapplicat
ion/features/ai/AIAssistantViewModel.kt:481:25 Unresolved reference '_voiceInputText'.
e: file:///C:/Users/aditya/Desktop/sustainable-habits-android/features/ai/src/main/java/com/example/myapplicat
ion/features/ai/AIAssistantViewModel.kt:486:37 Unresolved reference 'voiceRecognitionService'.
e: file:///C:/Users/aditya/Desktop/sustainable-habits-android/features/ai/src/main/java/com/example/myapplicat
ion/features/ai/AIAssistantViewModel.kt:488:51 Unresolved reference 'voiceRecognitionService'.
e: file:///C:/Users/aditya/Desktop/sustainable-habits-android/features/ai/src/main/java/com/example/myapplicat
ion/features/ai/AIAssistantViewModel.kt:500:29 Unresolved reference '_isListening'.
e: file:///C:/Users/aditya/Desktop/sustainable-habits-android/features/ai/src/main/java/com/example/myapplicat
ion/features/ai/AIAssistantViewModel.kt:503:33 Cannot infer type for this parameter. Specify it explicitly.
e: file:///C:/Users/aditya/Desktop/sustainable-habits-android/features/ai/src/main/java/com/example/myapplicat
ion/features/ai/AIAssistantViewModel.kt:505:25 Unresolved reference '_isListening'.
e: file:///C:/Users/aditya/Desktop/sustainable-habits-android/features/ai/src/main/java/com/example/myapplicat
ion/features/ai/AIAssistantViewModel.kt:510:17 Unresolved reference '_isListening'.
e: file:///C:/Users/aditya/Desktop/sustainable-habits-android/features/ai/src/main/java/com/example/myapplicat
ion/features/ai/AIAssistantViewModel.kt:519:14 Unresolved reference '_isListening'.
e: file:///C:/Users/aditya/Desktop/sustainable-habits-android/features/ai/src/main/java/com/example/myapplicat
ion/features/ai/AIAssistantViewModel.kt:521:9 Unresolved reference 'viewModelScope'.
e: file:///C:/Users/aditya/Desktop/sustainable-habits-android/features/ai/src/main/java/com/example/myapplicat
ion/features/ai/AIAssistantViewModel.kt:523:33 Unresolved reference 'voiceRecognitionService'.
e: file:///C:/Users/aditya/Desktop/sustainable-habits-android/features/ai/src/main/java/com/example/myapplicat
ion/features/ai/AIAssistantViewModel.kt:524:17 Unresolved reference '_isListening'.
e: file:///C:/Users/aditya/Desktop/sustainable-habits-android/features/ai/src/main/java/com/example/myapplicat
ion/features/ai/AIAssistantViewModel.kt:527:60 Unresolved reference '_voiceInputText'.
e: file:///C:/Users/aditya/Desktop/sustainable-habits-android/features/ai/src/main/java/com/example/myapplicat
ion/features/ai/AIAssistantViewModel.kt:532:17 Unresolved reference '_isListening'.
e: file:///C:/Users/aditya/Desktop/sustainable-habits-android/features/ai/src/main/java/com/example/myapplicat
ion/features/ai/AIAssistantViewModel.kt:550:9 Unresolved reference 'viewModelScope'.
e: file:///C:/Users/aditya/Desktop/sustainable-habits-android/features/ai/src/main/java/com/example/myapplicat
ion/features/ai/AIAssistantViewModel.kt:551:13 Unresolved reference '_isSpeaking'.
e: file:///C:/Users/aditya/Desktop/sustainable-habits-android/features/ai/src/main/java/com/example/myapplicat
ion/features/ai/AIAssistantViewModel.kt:552:13 Unresolved reference 'textToSpeechService'.
e: file:///C:/Users/aditya/Desktop/sustainable-habits-android/features/ai/src/main/java/com/example/myapplicat
ion/features/ai/AIAssistantViewModel.kt:553:13 Unresolved reference '_isSpeaking'.
e: file:///C:/Users/aditya/Desktop/sustainable-habits-android/features/ai/src/main/java/com/example/myapplicat
ion/features/ai/AIAssistantViewModel.kt:561:9 Unresolved reference 'textToSpeechService'.
e: file:///C:/Users/aditya/Desktop/sustainable-habits-android/features/ai/src/main/java/com/example/myapplicat
ion/features/ai/AIAssistantViewModel.kt:562:9 Unresolved reference '_isSpeaking'.
e: file:///C:/Users/aditya/Desktop/sustainable-habits-android/features/ai/src/main/java/com/example/myapplicat
ion/features/ai/AIAssistantViewModel.kt:568:5 Modifier 'override' is not applicable to 'top level function'.
e: file:///C:/Users/aditya/Desktop/sustainable-habits-android/features/ai/src/main/java/com/example/myapplicat
ion/features/ai/AIAssistantViewModel.kt:569:9 No supertypes are accessible in this context.
e: file:///C:/Users/aditya/Desktop/sustainable-habits-android/features/ai/src/main/java/com/example/myapplicat
ion/features/ai/AIAssistantViewModel.kt:576:9 Unresolved reference 'viewModelScope'.
e: file:///C:/Users/aditya/Desktop/sustainable-habits-android/features/ai/src/main/java/com/example/myapplicat
ion/features/ai/AIAssistantViewModel.kt:577:13 Unresolved reference '_personalizationSettings'.
e: file:///C:/Users/aditya/Desktop/sustainable-habits-android/features/ai/src/main/java/com/example/myapplicat
ion/features/ai/AIAssistantViewModel.kt:580:1 Syntax error: Expecting a top level declaration.
e: file:///C:/Users/aditya/Desktop/sustainable-habits-android/features/ai/src/main/java/com/example/myapplicat
ion/features/ai/di/AiModule.kt:11:17 Unresolved reference 'security'.
e: file:///C:/Users/aditya/Desktop/sustainable-habits-android/features/ai/src/main/java/com/example/myapplicat
ion/features/ai/di/AiModule.kt:12:17 Unresolved reference 'security'.
e: file:///C:/Users/aditya/Desktop/sustainable-habits-android/features/ai/src/main/java/com/example/myapplicat
ion/features/ai/di/AiModule.kt:21:25 Unresolved reference 'MasterKey'.
e: file:///C:/Users/aditya/Desktop/sustainable-habits-android/features/ai/src/main/java/com/example/myapplicat
ion/features/ai/di/AiModule.kt:22:27 Unresolved reference 'MasterKey'.
e: file:///C:/Users/aditya/Desktop/sustainable-habits-android/features/ai/src/main/java/com/example/myapplicat
ion/features/ai/di/AiModule.kt:25:16 Unresolved reference 'EncryptedSharedPreferences'.
e: file:///C:/Users/aditya/Desktop/sustainable-habits-android/features/ai/src/main/java/com/example/myapplicat
ion/features/ai/di/AiModule.kt:29:13 Unresolved reference 'EncryptedSharedPreferences'.
e: file:///C:/Users/aditya/Desktop/sustainable-habits-android/features/ai/src/main/java/com/example/myapplicat
ion/features/ai/di/AiModule.kt:30:13 Unresolved reference 'EncryptedSharedPreferences'.

FAILURE: Build completed with 2 failures.

1: Task failed with an exception.
-----------
* What went wrong:
Execution failed for task ':features:demo:compileDebugKotlin'.
> A failure occurred while executing 
org.jetbrains.kotlin.compilerRunner.GradleCompilerRunnerWithWorkers$GradleKotlinCompilerWorkAction
   > Compilation error. See log for more details

* Try:
> Run with --stacktrace option to get the stack trace.
> Run with --info or --debug option to get more log output.
> Run with --scan to get full insights.
> Get more help at https://help.gradle.org.
==============================================================================

2: Task failed with an exception.
-----------
* What went wrong:
Execution failed for task ':features:ai:compileDebugKotlin'.
> A failure occurred while executing 
org.jetbrains.kotlin.compilerRunner.GradleCompilerRunnerWithWorkers$GradleKotlinCompilerWorkAction
   > Compilation error. See log for more details

* Try:
> Run with --stacktrace option to get the stack trace.
> Run with --info or --debug option to get more log output.
> Run with --scan to get full insights.
> Get more help at https://help.gradle.org.
==============================================================================

BUILD FAILED in 6s
365 actionable tasks: 2 executed, 363 up-to-date
Configuration cache entry reused.
