02-21 21:04:23.897 19971 19971 E AndroidRuntime: 	at androidx.navigation.compose.NavBackStackEntryProviderKt.LocalOwnersProvider(NavBackStackEntryProvider.kt:51)
02-21 21:04:23.899 19971 19971 E AndroidRuntime: 	at androidx.navigation.compose.NavHostKt$NavHost$32.invoke(NavHost.kt:702)
02-21 21:04:23.899 19971 19971 E AndroidRuntime: 	at androidx.navigation.compose.NavHostKt$NavHost$32.invoke(NavHost.kt:682)
02-21 21:04:23.899 19971 19971 E AndroidRuntime: 	at androidx.compose.runtime.internal.ComposableLambdaImpl.invoke(ComposableLambda.kt:142)
02-21 21:04:23.899 19971 19971 E AndroidRuntime: 	at androidx.compose.runtime.internal.ComposableLambdaImpl.invoke(ComposableLambda.kt:51)
02-21 21:04:23.899 19971 19971 E AndroidRuntime: 	at androidx.compose.animation.AnimatedContentKt$AnimatedContent$6$1$5.invoke(AnimatedContent.kt:863)
02-21 21:04:23.899 19971 19971 E AndroidRuntime: 	at androidx.compose.animation.AnimatedContentKt$AnimatedContent$6$1$5.invoke(AnimatedContent.kt:853)
02-21 21:04:23.899 19971 19971 E AndroidRuntime: 	at androidx.compose.runtime.internal.ComposableLambdaImpl.invoke(ComposableLambda.kt:130)
02-21 21:04:23.899 19971 19971 E AndroidRuntime: 	at androidx.compose.runtime.internal.ComposableLambdaImpl.invoke(ComposableLambda.kt:51)
02-21 21:04:23.899 19971 19971 E AndroidRuntime: 	at androidx.compose.animation.AnimatedVisibilityKt.AnimatedEnterExitImpl(AnimatedVisibility.kt:752)
02-21 21:04:23.899 19971 19971 E AndroidRuntime: 	at androidx.compose.animation.AnimatedContentKt$AnimatedContent$6$1.invoke(AnimatedContent.kt:835)
02-21 21:04:23.899 19971 19971 E AndroidRuntime: 	at androidx.compose.animation.AnimatedContentKt$AnimatedContent$6$1.invoke(AnimatedContent.kt:818)
02-21 21:04:23.899 19971 19971 E AndroidRuntime: 	at androidx.compose.runtime.internal.ComposableLambdaImpl.invoke(ComposableLambda.kt:121)
02-21 21:04:23.899 19971 19971 E AndroidRuntime: 	at androidx.compose.runtime.internal.ComposableLambdaImpl.invoke(ComposableLambda.kt:51)
02-21 21:04:23.899 19971 19971 E AndroidRuntime: 	at androidx.compose.animation.AnimatedContentKt.AnimatedContent(AnimatedContent.kt:873)
02-21 21:04:23.899 19971 19971 E AndroidRuntime: 	at androidx.navigation.compose.NavHostKt.NavHost(NavHost.kt:654)
02-21 21:04:23.899 19971 19971 E AndroidRuntime: 	at androidx.navigation.compose.NavHostKt.NavHost$lambda$80(Unknown Source:25)
02-21 21:04:23.899 19971 19971 E AndroidRuntime: 	at androidx.navigation.compose.NavHostKt.$r8$lambda$7ClW2Jn3MXjuytbJNUtxFpbxrgs(Unknown Source:0)
02-21 21:04:23.899 19971 19971 E AndroidRuntime: 	at androidx.navigation.compose.NavHostKt$$ExternalSyntheticLambda23.invoke(D8$$SyntheticClass:0)
02-21 21:04:23.899 19971 19971 E AndroidRuntime: 	at androidx.compose.runtime.RecomposeScopeImpl.compose(RecomposeScopeImpl.kt:196)
02-21 21:04:23.899 19971 19971 E AndroidRuntime: 	at androidx.compose.runtime.ComposerImpl.recomposeToGroupEnd(Composer.kt:2895)
02-21 21:04:23.899 19971 19971 E AndroidRuntime: 	at androidx.compose.runtime.ComposerImpl.skipCurrentGroup(Composer.kt:3231)
02-21 21:04:23.899 19971 19971 E AndroidRuntime: 	at androidx.compose.runtime.ComposerImpl.doCompose-aFTiNEg(Composer.kt:3855)
02-21 21:04:23.899 19971 19971 E AndroidRuntime: 	at androidx.compose.runtime.ComposerImpl.recompose-aFTiNEg$runtime(Composer.kt:3779)
02-21 21:04:23.899 19971 19971 E AndroidRuntime: 	at androidx.compose.runtime.CompositionImpl.recompose(Composition.kt:1075)
02-21 21:04:23.899 19971 19971 E AndroidRuntime: 	at androidx.compose.runtime.Recomposer.performRecompose(Recomposer.kt:1364)
02-21 21:04:23.899 19971 19971 E AndroidRuntime: 	at androidx.compose.runtime.Recomposer.access$performRecompose(Recomposer.kt:156)
02-21 21:04:23.899 19971 19971 E AndroidRuntime: 	at androidx.compose.runtime.Recomposer$runRecomposeAndApplyChanges$2.invokeSuspend$lambda$22(Recomposer.kt:627)
02-21 21:04:23.899 19971 19971 E AndroidRuntime: 	at androidx.compose.runtime.Recomposer$runRecomposeAndApplyChanges$2.$r8$lambda$OqADLCDYmRw1RgNUvn1CR0kX32M(Unknown Source:0)
02-21 21:04:23.899 19971 19971 E AndroidRuntime: 	at androidx.compose.runtime.Recomposer$runRecomposeAndApplyChanges$2$$ExternalSyntheticLambda0.invoke(D8$$SyntheticClass:0)
02-21 21:04:23.899 19971 19971 E AndroidRuntime: 	at androidx.compose.ui.platform.AndroidUiFrameClock$withFrameNanos$2$callback$1.doFrame(AndroidUiFrameClock.android.kt:39)
02-21 21:04:23.899 19971 19971 E AndroidRuntime: 	at androidx.compose.ui.platform.AndroidUiDispatcher.performFrameDispatch(AndroidUiDispatcher.android.kt:108)
02-21 21:04:23.899 19971 19971 E AndroidRuntime: 	at androidx.compose.ui.platform.AndroidUiDispatcher.access$performFrameDispatch(AndroidUiDispatcher.android.kt:41)
02-21 21:04:23.899 19971 19971 E AndroidRuntime: 	at androidx.compose.ui.platform.AndroidUiDispatcher$dispatchCallback$1.doFrame(AndroidUiDispatcher.android.kt:69)
02-21 21:04:23.899 19971 19971 E AndroidRuntime: 	at android.view.Choreographer$CallbackRecord.run(Choreographer.java:1404)
02-21 21:04:23.899 19971 19971 E AndroidRuntime: 	at android.view.Choreographer$CallbackRecord.run(Choreographer.java:1415)
02-21 21:04:23.899 19971 19971 E AndroidRuntime: 	at android.view.Choreographer.doCallbacks(Choreographer.java:1015)
02-21 21:04:23.899 19971 19971 E AndroidRuntime: 	at android.view.Choreographer.doFrame(Choreographer.java:941)
02-21 21:04:23.899 19971 19971 E AndroidRuntime: 	at android.view.Choreographer$FrameDisplayEventReceiver.run(Choreographer.java:1389)
02-21 21:04:23.899 19971 19971 E AndroidRuntime: 	at android.os.Handler.handleCallback(Handler.java:959)
02-21 21:04:23.899 19971 19971 E AndroidRuntime: 	at android.os.Handler.dispatchMessage(Handler.java:100)
02-21 21:04:23.899 19971 19971 E AndroidRuntime: 	at android.os.Looper.loopOnce(Looper.java:232)
02-21 21:04:23.899 19971 19971 E AndroidRuntime: 	at android.os.Looper.loop(Looper.java:317)
02-21 21:04:23.899 19971 19971 E AndroidRuntime: 	at android.app.ActivityThread.main(ActivityThread.java:8592)
02-21 21:04:23.899 19971 19971 E AndroidRuntime: 	at java.lang.reflect.Method.invoke(Native Method)
02-21 21:04:23.899 19971 19971 E AndroidRuntime: 	at com.android.internal.os.RuntimeInit$MethodAndArgsCaller.run(RuntimeInit.java:580)
02-21 21:04:23.899 19971 19971 E AndroidRuntime: 	at com.android.internal.os.ZygoteInit.main(ZygoteInit.java:878)
02-21 21:04:23.900 19971 19971 E AndroidRuntime: 	Suppressed: kotlinx.coroutines.internal.DiagnosticCoroutineContextException: [androidx.compose.runtime.PausableMonotonicFrameClock@53e403e, androidx.compose.ui.platform.MotionDurationScaleImpl@1086e9f, StandaloneCoroutine{Cancelling}@45bbec, AndroidUiDispatcher@17b1bb5]
02-21 21:04:24.007  1377  1934 E JobScheduler.Concurrency: Error executing JobStatus{373aaee #u0a181/1 com.google.android.configupdater/.MainJobService u=0 s=10181 URIS=[android.app.job.JobInfo$TriggerContentUri@6510486a] READY}
02-21 21:04:24.011  1377  1934 E JobScheduler.Concurrency: Error executing JobStatus{3eb711 #u0a152/27 com.google.android.apps.gcs/androidx.work.impl.background.systemjob.SystemJobService u=0 s=10152 TIME=-51m3s711ms:none NET READY}
02-21 21:04:24.032  1377  1573 E IPCThreadState: Binder transaction failure: 1241756/29189/-22
02-21 21:04:24.032  1377  1934 E JobScheduler.Concurrency: Error executing JobStatus{c8d5209 #u0a236/10 com.google.android.apps.pixel.dcservice/androidx.work.impl.background.systemjob.SystemJobService u=0 s=10236 NET system stops=1 READY}
02-21 21:04:24.039  1377  1934 E JobScheduler.Concurrency: Error executing JobStatus{373aaee #u0a181/1 com.google.android.configupdater/.MainJobService u=0 s=10181 URIS=[android.app.job.JobInfo$TriggerContentUri@6510486a] READY}
02-21 21:04:24.040  1377  1934 E JobScheduler.Concurrency: Error executing JobStatus{3eb711 #u0a152/27 com.google.android.apps.gcs/androidx.work.impl.background.systemjob.SystemJobService u=0 s=10152 TIME=-51m3s741ms:none NET READY}
02-21 21:04:24.042  1377  1934 E JobScheduler.Concurrency: Error executing JobStatus{c8d5209 #u0a236/10 com.google.android.apps.pixel.dcservice/androidx.work.impl.background.systemjob.SystemJobService u=0 s=10236 NET system stops=1 READY}
02-21 21:04:24.085   796   796 E android.hardware.power.stats-service.pixel: Failed to open file /data/vendor/gps/power_stats: No such file or directory
02-21 21:04:24.085   796   796 E android.hardware.power.stats-service.pixel: Failed to get results for GPS
02-21 21:04:24.106 20035 20035 E roid.apps.turbo: Not starting debugger since process cannot load the jdwp agent.
02-21 21:04:24.111   796   796 E android.hardware.power.stats-service.pixel: Failed to open file /data/vendor/gps/power_stats: No such file or directory
02-21 21:04:24.111   796   796 E android.hardware.power.stats-service.pixel: Failed to get results for GPS
02-21 21:04:24.161 20035 20057 E ActivityThread: Failed to find provider info for androidx.car.app.connection
02-21 21:04:24.208 20064 20064 E id.turboadapter: Not starting debugger since process cannot load the jdwp agent.
02-21 21:04:24.679   469   469 E BpTransactionCompletedListener: Failed to transact (-32)
02-21 21:04:26.186   841   841 E WifiHAL : In GetWakeReasonCountCommand::handleResponse
02-21 21:04:26.195   841  9214 E WifiHAL : Ignoring invalid attribute type = 42, size = 4
02-21 21:04:26.195   841  9214 E WifiHAL : Ignoring invalid attribute type = 43, size = 4
02-21 21:04:26.195   841  9214 E WifiHAL : Ignoring invalid attribute type = 44, size = 4
02-21 21:04:26.589   841   841 E WifiHAL : In GetWakeReasonCountCommand::handleResponse
02-21 21:04:50.578  1377  4446 E AppOps  : Operation not found: uid=1041 pkg=audioserver(null) op=WAKE_LOCK
02-21 21:04:50.638  1377  1934 E JobScheduler.Concurrency: Error executing JobStatus{373aaee #u0a181/1 com.google.android.configupdater/.MainJobService u=0 s=10181 URIS=[android.app.job.JobInfo$TriggerContentUri@6510486a] READY}
02-21 21:04:50.639  1377  1934 E JobScheduler.Concurrency: Error executing JobStatus{3eb711 #u0a152/27 com.google.android.apps.gcs/androidx.work.impl.background.systemjob.SystemJobService u=0 s=10152 TIME=-51m30s339ms:none NET READY}
02-21 21:04:50.639  1377  1934 E JobScheduler.Concurrency: Error executing JobStatus{c8d5209 #u0a236/10 com.google.android.apps.pixel.dcservice/androidx.work.impl.background.systemjob.SystemJobService u=0 s=10236 NET system stops=1 READY}
02-21 21:04:51.356  1377  1934 E JobScheduler.Concurrency: Error executing JobStatus{373aaee #u0a181/1 com.google.android.configupdater/.MainJobService u=0 s=10181 URIS=[android.app.job.JobInfo$TriggerContentUri@6510486a] READY}
02-21 21:04:51.357  1377  1934 E JobScheduler.Concurrency: Error executing JobStatus{3eb711 #u0a152/27 com.google.android.apps.gcs/androidx.work.impl.background.systemjob.SystemJobService u=0 s=10152 TIME=-51m31s57ms:none NET READY}
02-21 21:04:51.357  1377  1934 E JobScheduler.Concurrency: Error executing JobStatus{c8d5209 #u0a236/10 com.google.android.apps.pixel.dcservice/androidx.work.impl.background.systemjob.SystemJobService u=0 s=10236 NET system stops=1 READY}
02-21 21:04:53.623  1377  1556 E AppOps  : Operation not found: uid=1041 pkg=audioserver(null) op=WAKE_LOCK
02-21 21:04:55.456 20143 20143 E AndroidRuntime: FATAL EXCEPTION: main
02-21 21:04:55.456 20143 20143 E AndroidRuntime: Process: com.example.myapplication, PID: 20143
02-21 21:04:55.456 20143 20143 E AndroidRuntime: java.lang.IllegalStateException: Default FirebaseApp is not initialized in this process com.example.myapplication. Make sure to call FirebaseApp.initializeApp(Context) first.
02-21 21:04:55.456 20143 20143 E AndroidRuntime: 	at com.google.firebase.FirebaseApp.getInstance(FirebaseApp.java:179)
02-21 21:04:55.456 20143 20143 E AndroidRuntime: 	at com.google.firebase.auth.FirebaseAuth.getInstance(com.google.firebase:firebase-auth@@24.0.1:281)
02-21 21:04:55.456 20143 20143 E AndroidRuntime: 	at com.example.myapplication.features.auth.AuthViewModel.<init>(AuthViewModel.kt:27)
02-21 21:04:55.456 20143 20143 E AndroidRuntime: 	at com.example.myapplication.DaggerMyApplication_HiltComponents_SingletonC$ViewModelCImpl$SwitchingProvider.get(DaggerMyApplication_HiltComponents_SingletonC.java:566)
02-21 21:04:55.456 20143 20143 E AndroidRuntime: 	at dagger.hilt.android.internal.lifecycle.HiltViewModelFactory$2.createViewModel(HiltViewModelFactory.java:133)
02-21 21:04:55.456 20143 20143 E AndroidRuntime: 	at dagger.hilt.android.internal.lifecycle.HiltViewModelFactory$2.create(HiltViewModelFactory.java:103)
02-21 21:04:55.456 20143 20143 E AndroidRuntime: 	at dagger.hilt.android.internal.lifecycle.HiltViewModelFactory.create(HiltViewModelFactory.java:171)
02-21 21:04:55.456 20143 20143 E AndroidRuntime: 	at androidx.lifecycle.ViewModelProvider$Factory.create(ViewModelProvider.android.kt:153)
02-21 21:04:55.456 20143 20143 E AndroidRuntime: 	at androidx.lifecycle.viewmodel.ViewModelProviderImpl_androidKt.createViewModel(ViewModelProviderImpl.android.kt:34)
02-21 21:04:55.456 20143 20143 E AndroidRuntime: 	at androidx.lifecycle.viewmodel.ViewModelProviderImpl.getViewModel$lifecycle_viewmodel_release(ViewModelProviderImpl.kt:60)
02-21 21:04:55.456 20143 20143 E AndroidRuntime: 	at androidx.lifecycle.viewmodel.ViewModelProviderImpl.getViewModel$lifecycle_viewmodel_release$default(ViewModelProviderImpl.kt:43)
02-21 21:04:55.456 20143 20143 E AndroidRuntime: 	at androidx.lifecycle.ViewModelProvider.get(ViewModelProvider.android.kt:92)
02-21 21:04:55.456 20143 20143 E AndroidRuntime: 	at androidx.lifecycle.viewmodel.compose.ViewModelKt__ViewModelKt.get(ViewModel.kt:172)
02-21 21:04:55.456 20143 20143 E AndroidRuntime: 	at androidx.lifecycle.viewmodel.compose.ViewModelKt.get(Unknown Source:1)
02-21 21:04:55.456 20143 20143 E AndroidRuntime: 	at androidx.lifecycle.viewmodel.compose.ViewModelKt__ViewModel_androidKt.viewModel(ViewModel.android.kt:119)
02-21 21:04:55.456 20143 20143 E AndroidRuntime: 	at androidx.lifecycle.viewmodel.compose.ViewModelKt.viewModel(Unknown Source:1)
02-21 21:04:55.456 20143 20143 E AndroidRuntime: 	at com.example.myapplication.features.settings.SettingsScreenKt.SettingsScreen(SettingsScreen.kt:470)
02-21 21:04:55.456 20143 20143 E AndroidRuntime: 	at com.example.myapplication.features.settings.navigation.SettingsNavigationKt.settingsGraph$lambda$0(SettingsNavigation.kt:13)
02-21 21:04:55.456 20143 20143 E AndroidRuntime: 	at com.example.myapplication.features.settings.navigation.SettingsNavigationKt.$r8$lambda$xW7aWeWGrliIHYnM8BflhzUyck4(Unknown Source:0)
02-21 21:04:55.456 20143 20143 E AndroidRuntime: 	at com.example.myapplication.features.settings.navigation.SettingsNavigationKt$$ExternalSyntheticLambda0.invoke(D8$$SyntheticClass:0)
02-21 21:04:55.456 20143 20143 E AndroidRuntime: 	at androidx.compose.runtime.internal.ComposableLambdaImpl.invoke(ComposableLambda.kt:142)
02-21 21:04:55.456 20143 20143 E AndroidRuntime: 	at androidx.compose.runtime.internal.ComposableLambdaImpl.invoke(ComposableLambda.kt:51)
02-21 21:04:55.456 20143 20143 E AndroidRuntime: 	at androidx.navigation.compose.NavHostKt$NavHost$32$1.invoke(NavHost.kt:703)
02-21 21:04:55.456 20143 20143 E AndroidRuntime: 	at androidx.navigation.compose.NavHostKt$NavHost$32$1.invoke(NavHost.kt:702)
02-21 21:04:55.456 20143 20143 E AndroidRuntime: 	at androidx.compose.runtime.internal.ComposableLambdaImpl.invoke(ComposableLambda.kt:121)
02-21 21:04:55.456 20143 20143 E AndroidRuntime: 	at androidx.compose.runtime.internal.ComposableLambdaImpl.invoke(ComposableLambda.kt:51)
02-21 21:04:55.456 20143 20143 E AndroidRuntime: 	at androidx.compose.runtime.CompositionLocalKt.CompositionLocalProvider(CompositionLocal.kt:370)
02-21 21:04:55.456 20143 20143 E AndroidRuntime: 	at androidx.compose.runtime.saveable.SaveableStateHolderImpl.SaveableStateProvider(SaveableStateHolder.kt:82)
02-21 21:04:55.456 20143 20143 E AndroidRuntime: 	at androidx.navigation.compose.NavBackStackEntryProviderKt.SaveableStateProvider(NavBackStackEntryProvider.kt:69)
02-21 21:04:55.456 20143 20143 E AndroidRuntime: 	at androidx.navigation.compose.NavBackStackEntryProviderKt.access$SaveableStateProvider(NavBackStackEntryProvider.kt:1)
02-21 21:04:55.456 20143 20143 E AndroidRuntime: 	at androidx.navigation.compose.NavBackStackEntryProviderKt$LocalOwnersProvider$1.invoke(NavBackStackEntryProvider.kt:56)
02-21 21:04:55.456 20143 20143 E AndroidRuntime: 	at androidx.navigation.compose.NavBackStackEntryProviderKt$LocalOwnersProvider$1.invoke(NavBackStackEntryProvider.kt:55)
02-21 21:04:55.456 20143 20143 E AndroidRuntime: 	at androidx.compose.runtime.internal.ComposableLambdaImpl.invoke(ComposableLambda.kt:121)
02-21 21:04:55.456 20143 20143 E AndroidRuntime: 	at androidx.compose.runtime.internal.ComposableLambdaImpl.invoke(ComposableLambda.kt:51)
02-21 21:04:55.456 20143 20143 E AndroidRuntime: 	at androidx.compose.runtime.CompositionLocalKt.CompositionLocalProvider(CompositionLocal.kt:370)
02-21 21:04:55.456 20143 20143 E AndroidRuntime: 	at androidx.navigation.compose.NavBackStackEntryProviderKt.LocalOwnersProvider(NavBackStackEntryProvider.kt:51)
02-21 21:04:55.458 20143 20143 E AndroidRuntime: 	at androidx.navigation.compose.NavHostKt$NavHost$32.invoke(NavHost.kt:702)
02-21 21:04:55.458 20143 20143 E AndroidRuntime: 	at androidx.navigation.compose.NavHostKt$NavHost$32.invoke(NavHost.kt:682)
02-21 21:04:55.458 20143 20143 E AndroidRuntime: 	at androidx.compose.runtime.internal.ComposableLambdaImpl.invoke(ComposableLambda.kt:142)
02-21 21:04:55.458 20143 20143 E AndroidRuntime: 	at androidx.compose.runtime.internal.ComposableLambdaImpl.invoke(ComposableLambda.kt:51)
02-21 21:04:55.458 20143 20143 E AndroidRuntime: 	at androidx.compose.animation.AnimatedContentKt$AnimatedContent$6$1$5.invoke(AnimatedContent.kt:863)
02-21 21:04:55.458 20143 20143 E AndroidRuntime: 	at androidx.compose.animation.AnimatedContentKt$AnimatedContent$6$1$5.invoke(AnimatedContent.kt:853)
02-21 21:04:55.458 20143 20143 E AndroidRuntime: 	at androidx.compose.runtime.internal.ComposableLambdaImpl.invoke(ComposableLambda.kt:130)
02-21 21:04:55.458 20143 20143 E AndroidRuntime: 	at androidx.compose.runtime.internal.ComposableLambdaImpl.invoke(ComposableLambda.kt:51)
02-21 21:04:55.458 20143 20143 E AndroidRuntime: 	at androidx.compose.animation.AnimatedVisibilityKt.AnimatedEnterExitImpl(AnimatedVisibility.kt:752)
02-21 21:04:55.458 20143 20143 E AndroidRuntime: 	at androidx.compose.animation.AnimatedContentKt$AnimatedContent$6$1.invoke(AnimatedContent.kt:835)
02-21 21:04:55.458 20143 20143 E AndroidRuntime: 	at androidx.compose.animation.AnimatedContentKt$AnimatedContent$6$1.invoke(AnimatedContent.kt:818)
02-21 21:04:55.458 20143 20143 E AndroidRuntime: 	at androidx.compose.runtime.internal.ComposableLambdaImpl.invoke(ComposableLambda.kt:121)
02-21 21:04:55.458 20143 20143 E AndroidRuntime: 	at androidx.compose.runtime.internal.ComposableLambdaImpl.invoke(ComposableLambda.kt:51)
02-21 21:04:55.458 20143 20143 E AndroidRuntime: 	at androidx.compose.animation.AnimatedContentKt.AnimatedContent(AnimatedContent.kt:873)
02-21 21:04:55.458 20143 20143 E AndroidRuntime: 	at androidx.navigation.compose.NavHostKt.NavHost(NavHost.kt:654)
02-21 21:04:55.458 20143 20143 E AndroidRuntime: 	at androidx.navigation.compose.NavHostKt.NavHost$lambda$80(Unknown Source:25)
02-21 21:04:55.458 20143 20143 E AndroidRuntime: 	at androidx.navigation.compose.NavHostKt.$r8$lambda$7ClW2Jn3MXjuytbJNUtxFpbxrgs(Unknown Source:0)
02-21 21:04:55.458 20143 20143 E AndroidRuntime: 	at androidx.navigation.compose.NavHostKt$$ExternalSyntheticLambda23.invoke(D8$$SyntheticClass:0)
02-21 21:04:55.458 20143 20143 E AndroidRuntime: 	at androidx.compose.runtime.RecomposeScopeImpl.compose(RecomposeScopeImpl.kt:196)
02-21 21:04:55.458 20143 20143 E AndroidRuntime: 	at androidx.compose.runtime.ComposerImpl.recomposeToGroupEnd(Composer.kt:2895)
02-21 21:04:55.458 20143 20143 E AndroidRuntime: 	at androidx.compose.runtime.ComposerImpl.skipCurrentGroup(Composer.kt:3231)
02-21 21:04:55.458 20143 20143 E AndroidRuntime: 	at androidx.compose.runtime.ComposerImpl.doCompose-aFTiNEg(Composer.kt:3855)
02-21 21:04:55.458 20143 20143 E AndroidRuntime: 	at androidx.compose.runtime.ComposerImpl.recompose-aFTiNEg$runtime(Composer.kt:3779)
02-21 21:04:55.458 20143 20143 E AndroidRuntime: 	at androidx.compose.runtime.CompositionImpl.recompose(Composition.kt:1075)
02-21 21:04:55.458 20143 20143 E AndroidRuntime: 	at androidx.compose.runtime.Recomposer.performRecompose(Recomposer.kt:1364)
02-21 21:04:55.458 20143 20143 E AndroidRuntime: 	at androidx.compose.runtime.Recomposer.access$performRecompose(Recomposer.kt:156)
02-21 21:04:55.458 20143 20143 E AndroidRuntime: 	at androidx.compose.runtime.Recomposer$runRecomposeAndApplyChanges$2.invokeSuspend$lambda$22(Recomposer.kt:627)
02-21 21:04:55.458 20143 20143 E AndroidRuntime: 	at androidx.compose.runtime.Recomposer$runRecomposeAndApplyChanges$2.$r8$lambda$OqADLCDYmRw1RgNUvn1CR0kX32M(Unknown Source:0)
02-21 21:04:55.458 20143 20143 E AndroidRuntime: 	at androidx.compose.runtime.Recomposer$runRecomposeAndApplyChanges$2$$ExternalSyntheticLambda0.invoke(D8$$SyntheticClass:0)
02-21 21:04:55.458 20143 20143 E AndroidRuntime: 	at androidx.compose.ui.platform.AndroidUiFrameClock$withFrameNanos$2$callback$1.doFrame(AndroidUiFrameClock.android.kt:39)
02-21 21:04:55.458 20143 20143 E AndroidRuntime: 	at androidx.compose.ui.platform.AndroidUiDispatcher.performFrameDispatch(AndroidUiDispatcher.android.kt:108)
02-21 21:04:55.458 20143 20143 E AndroidRuntime: 	at androidx.compose.ui.platform.AndroidUiDispatcher.access$performFrameDispatch(AndroidUiDispatcher.android.kt:41)
02-21 21:04:55.458 20143 20143 E AndroidRuntime: 	at androidx.compose.ui.platform.AndroidUiDispatcher$dispatchCallback$1.doFrame(AndroidUiDispatcher.android.kt:69)
02-21 21:04:55.458 20143 20143 E AndroidRuntime: 	at android.view.Choreographer$CallbackRecord.run(Choreographer.java:1404)
02-21 21:04:55.458 20143 20143 E AndroidRuntime: 	at android.view.Choreographer$CallbackRecord.run(Choreographer.java:1415)
02-21 21:04:55.458 20143 20143 E AndroidRuntime: 	at android.view.Choreographer.doCallbacks(Choreographer.java:1015)
02-21 21:04:55.458 20143 20143 E AndroidRuntime: 	at android.view.Choreographer.doFrame(Choreographer.java:941)
02-21 21:04:55.458 20143 20143 E AndroidRuntime: 	at android.view.Choreographer$FrameDisplayEventReceiver.run(Choreographer.java:1389)
02-21 21:04:55.458 20143 20143 E AndroidRuntime: 	at android.os.Handler.handleCallback(Handler.java:959)
02-21 21:04:55.458 20143 20143 E AndroidRuntime: 	at android.os.Handler.dispatchMessage(Handler.java:100)
02-21 21:04:55.458 20143 20143 E AndroidRuntime: 	at android.os.Looper.loopOnce(Looper.java:232)
02-21 21:04:55.458 20143 20143 E AndroidRuntime: 	at android.os.Looper.loop(Looper.java:317)
02-21 21:04:55.458 20143 20143 E AndroidRuntime: 	at android.app.ActivityThread.main(ActivityThread.java:8592)
02-21 21:04:55.458 20143 20143 E AndroidRuntime: 	at java.lang.reflect.Method.invoke(Native Method)
02-21 21:04:55.458 20143 20143 E AndroidRuntime: 	at com.android.internal.os.RuntimeInit$MethodAndArgsCaller.run(RuntimeInit.java:580)
02-21 21:04:55.458 20143 20143 E AndroidRuntime: 	at com.android.internal.os.ZygoteInit.main(ZygoteInit.java:878)
02-21 21:04:55.458 20143 20143 E AndroidRuntime: 	Suppressed: kotlinx.coroutines.internal.DiagnosticCoroutineContextException: [androidx.compose.runtime.PausableMonotonicFrameClock@224e6ea, androidx.compose.ui.platform.MotionDurationScaleImpl@b0dcddb, StandaloneCoroutine{Cancelling}@bfb9078, AndroidUiDispatcher@4f14351]
02-21 21:04:56.022  1377  1934 E JobScheduler.Concurrency: Error executing JobStatus{373aaee #u0a181/1 com.google.android.configupdater/.MainJobService u=0 s=10181 URIS=[android.app.job.JobInfo$TriggerContentUri@6510486a] READY}
02-21 21:04:56.026  1377  1934 E JobScheduler.Concurrency: Error executing JobStatus{3eb711 #u0a152/27 com.google.android.apps.gcs/androidx.work.impl.background.systemjob.SystemJobService u=0 s=10152 TIME=-51m35s726ms:none NET READY}
02-21 21:04:56.026  1377  1934 E JobScheduler.Concurrency: Error executing JobStatus{c8d5209 #u0a236/10 com.google.android.apps.pixel.dcservice/androidx.work.impl.background.systemjob.SystemJobService u=0 s=10236 NET system stops=1 READY}
02-21 21:04:56.031  1377  1934 E JobScheduler.Concurrency: Error executing JobStatus{373aaee #u0a181/1 com.google.android.configupdater/.MainJobService u=0 s=10181 URIS=[android.app.job.JobInfo$TriggerContentUri@6510486a] READY}
02-21 21:04:56.033  1377  1934 E JobScheduler.Concurrency: Error executing JobStatus{3eb711 #u0a152/27 com.google.android.apps.gcs/androidx.work.impl.background.systemjob.SystemJobService u=0 s=10152 TIME=-51m35s734ms:none NET READY}
02-21 21:04:56.035  1377  1934 E JobScheduler.Concurrency: Error executing JobStatus{c8d5209 #u0a236/10 com.google.android.apps.pixel.dcservice/androidx.work.impl.background.systemjob.SystemJobService u=0 s=10236 NET system stops=1 READY}
02-21 21:05:10.669   469   469 E BpTransactionCompletedListener: Failed to transact (-32)
02-21 21:05:56.268   841   841 E WifiHAL : In GetWakeReasonCountCommand::handleResponse
02-21 21:05:56.286   841  9214 E WifiHAL : Ignoring invalid attribute type = 42, size = 4
02-21 21:05:56.286   841  9214 E WifiHAL : Ignoring invalid attribute type = 43, size = 4
02-21 21:05:56.286   841  9214 E WifiHAL : Ignoring invalid attribute type = 44, size = 4
02-21 21:05:56.685   841   955 E WifiHAL : In GetWakeReasonCountCommand::handleResponse
02-21 21:05:58.527   841   955 E IPCThreadState: binder thread pool (1 threads) starved for 103 ms
02-21 21:06:23.700   796   796 E android.hardware.power.stats-service.pixel: Failed to read uid_time_in_state for attribution, return default EnergyConsumer
02-21 21:06:46.437 20282 20282 E s.work.clouddpc: Not starting debugger since process cannot load the jdwp agent.
02-21 21:06:46.446 11630 15400 E NativeHotLoader: Failed to hotload library '/data/app/~~0rupW7RvWYrVaPvRy3E6lQ==/com.google.android.gms-a3VaMlBW7gSBK0GP_cd5Tw==/base.apk!/lib/arm64-v8a/libgmscore.so'. [CONTEXT service_id=447 ]
02-21 21:06:46.567 11554 20296 E NetworkScheduler.TED: Unable to bind to task service: ComponentInfo{com.google.android.gms/com.google.android.gms.threadnetwork.service.firstparty.BorderRouterSyncBoundService}
02-21 21:06:46.627   841   955 E WifiHAL : Setting APF program, halHandle = 0xb4000072a5f523d0
02-21 21:06:46.627   841   955 E WifiHAL : Set apf filter for iface = wlan0
