--------- beginning of main
02-21 20:59:53.281 18145 18145 E aas.deviceadmin: Not starting debugger since process cannot load the jdwp agent.
--------- beginning of system
02-21 20:59:53.380  1377  4668 E ActivityManager: Unable to freeze binder for 18145: -11
02-21 20:59:53.679 18184 18184 E aas.deviceadmin: Not starting debugger since process cannot load the jdwp agent.
02-21 20:59:53.844  1377  2923 E AppOps  : attributionTag VCN not declared in manifest of android
02-21 20:59:53.848  1377  2913 E PermissionMonitor: NameNotFoundException com.google.android.dialer
02-21 20:59:53.848  1377  2913 E PermissionMonitor: NameNotFoundException com.google.android.dialer
02-21 20:59:53.866  3389  3389 E SmsApplication: com.google.android.apps.messaging lost android:read_sms:  (fixing)
02-21 20:59:53.866  3389  3389 E SmsApplication: com.google.android.apps.messaging lost android:write_sms:  (fixing)
02-21 20:59:53.874  1377  4642 E BackupPasswordManager: Unable to read backup pw version
02-21 20:59:53.874  1377  4642 E BackupPasswordManager: Unable to read saved backup pw hash
02-21 20:59:53.881  3389  3389 E SmsApplication: com.google.android.apps.messaging lost android:receive_sms:  (fixing)
02-21 20:59:53.882  4431  4431 E ApduServiceInfo: Not adding <aid-group> with empty or invalid AIDs
02-21 20:59:53.883  3389  3389 E SmsApplication: com.google.android.apps.messaging lost android:send_sms:  (fixing)
02-21 20:59:53.889  1377  2913 E PermissionMonitor: NameNotFoundException com.android.cts.ctsshim
02-21 20:59:53.889  1377  2913 E PermissionMonitor: NameNotFoundException com.android.cts.ctsshim
02-21 20:59:53.889  1377  2923 E AppOps  : attributionTag VCN not declared in manifest of android
02-21 20:59:53.894 18204 18204 E e.android.euicc: Not starting debugger since process cannot load the jdwp agent.
02-21 20:59:53.901  1377  2913 E PermissionMonitor: NameNotFoundException com.android.cts.priv.ctsshim
02-21 20:59:53.901  1377  2913 E PermissionMonitor: NameNotFoundException com.android.cts.priv.ctsshim
02-21 20:59:53.905  1377  2923 E AppOps  : attributionTag VCN not declared in manifest of android
02-21 20:59:53.909  4431  4431 E ApduServiceInfo: Not adding <aid-group> with empty or invalid AIDs
02-21 20:59:53.919  1377  4642 E ActivityManager: Unable to freeze binder for 18184: -11
02-21 20:59:53.935  3389  3389 E SmsApplication: com.google.android.apps.messaging lost android:read_sms:  (fixing)
02-21 20:59:53.953  4431  4431 E ApduServiceInfo: Not adding <aid-group> with empty or invalid AIDs
02-21 20:59:53.955  3389  3389 E SmsApplication: com.google.android.apps.messaging lost android:write_sms:  (fixing)
02-21 20:59:53.956  3389  3389 E SmsApplication: com.google.android.apps.messaging lost android:receive_sms:  (fixing)
02-21 20:59:53.962 18224 18224 E ndroid.keychain: Not starting debugger since process cannot load the jdwp agent.
02-21 20:59:53.975  3389  3389 E SmsApplication: com.google.android.apps.messaging lost android:send_sms:  (fixing)
02-21 20:59:54.037  3389  3389 E SmsApplication: com.google.android.apps.messaging lost android:read_sms:  (fixing)
02-21 20:59:54.037  3389  3389 E SmsApplication: com.google.android.apps.messaging lost android:write_sms:  (fixing)
02-21 20:59:54.037  3389  3389 E SmsApplication: com.google.android.apps.messaging lost android:receive_sms:  (fixing)
02-21 20:59:54.038  3389  3389 E SmsApplication: com.google.android.apps.messaging lost android:send_sms:  (fixing)
02-21 20:59:54.405 11630 11808 E WorkSourceUtil: Could not find package: com.google.android.dialer
02-21 20:59:54.422 11630 11713 E WorkSourceUtil: Could not find package: com.android.cts.ctsshim
02-21 20:59:54.445 11630 11713 E WorkSourceUtil: Could not find package: com.android.cts.priv.ctsshim
02-21 20:59:56.199   841   955 E WifiHAL : In GetWakeReasonCountCommand::handleResponse
02-21 20:59:56.223   841  9214 E WifiHAL : Ignoring invalid attribute type = 42, size = 4
02-21 20:59:56.223   841  9214 E WifiHAL : Ignoring invalid attribute type = 43, size = 4
02-21 20:59:56.223   841  9214 E WifiHAL : Ignoring invalid attribute type = 44, size = 4
02-21 20:59:56.636   841   955 E WifiHAL : In GetWakeReasonCountCommand::handleResponse
02-21 20:59:56.944 18339 18339 E .localtransport: Not starting debugger since process cannot load the jdwp agent.
02-21 21:00:00.065   796   796 E android.hardware.power.stats-service.pixel: Failed to read uid_time_in_state for attribution, return default EnergyConsumer
02-21 21:00:00.083   796   796 E android.hardware.power.stats-service.pixel: Failed to open file /data/vendor/gps/power_stats: No such file or directory
02-21 21:00:00.083   796   796 E android.hardware.power.stats-service.pixel: Failed to get results for GPS
02-21 21:00:00.810 18380 18380 E gs.intelligence: Not starting debugger since process cannot load the jdwp agent.
02-21 21:00:05.621 18470 18487 E AudioPolicy: No event handler due to looper without a thread
02-21 21:00:05.642  1377  4266 E AppOps  : Operation not found: uid=1041 pkg=audioserver(null) op=WAKE_LOCK
02-21 21:00:05.643  1377  4266 E AppOps  : Operation not found: uid=1041 pkg=audioserver(null) op=WAKE_LOCK
02-21 21:00:05.646  1377  4266 E AppOps  : Operation not found: uid=1041 pkg=audioserver(null) op=WAKE_LOCK
02-21 21:00:05.653   845   845 E Hal2AidlMapper: resetPortConfig: port config id 400023 not found
02-21 21:00:05.683  1377  4635 E AppOps  : Operation not found: uid=1041 pkg=audioserver(null) op=WAKE_LOCK
02-21 21:00:05.705  1377  4635 E AppOps  : Operation not found: uid=1041 pkg=audioserver(null) op=WAKE_LOCK
02-21 21:00:05.716   845   944 E StreamHalAidl: Function: getRecommendedLatencyModes Line: 863 Failed 
02-21 21:00:05.718  1377  4446 E AppOps  : Operation not found: uid=1041 pkg=audioserver(null) op=WAKE_LOCK
02-21 21:00:05.738   845 18513 E StreamHalAidl: Function: getRecommendedLatencyModes Line: 863 Failed 
02-21 21:00:05.751   845 18513 E StreamHalAidl: Function: getRecommendedLatencyModes Line: 863 Failed 
02-21 21:00:08.519 18470 18519 E MediaCodec: Pending dequeue output buffer request cancelled
02-21 21:00:08.519 18470 18517 E NdkMediaCodec: untranslated sf error code: -38
02-21 21:00:08.659  1377  4668 E AppOps  : Operation not found: uid=1041 pkg=audioserver(null) op=WAKE_LOCK
02-21 21:00:08.660  1377  4658 E AppOps  : Operation not found: uid=1041 pkg=audioserver(null) op=WAKE_LOCK
02-21 21:00:08.660  1377  4446 E AppOps  : Operation not found: uid=1041 pkg=audioserver(null) op=WAKE_LOCK
02-21 21:00:08.661  1377  4446 E AppOps  : Operation not found: uid=1041 pkg=audioserver(null) op=WAKE_LOCK
02-21 21:00:08.661  1377  4446 E AppOps  : Operation not found: uid=1041 pkg=audioserver(null) op=WAKE_LOCK
02-21 21:00:08.661  1377  4658 E AppOps  : Operation not found: uid=1041 pkg=audioserver(null) op=WAKE_LOCK
02-21 21:00:08.705 18551 18551 E .android.as.oss: Not starting debugger since process cannot load the jdwp agent.
02-21 21:00:08.719  1377  4658 E AppOps  : Operation not found: uid=1041 pkg=audioserver(null) op=WAKE_LOCK
02-21 21:00:23.706   796   796 E android.hardware.power.stats-service.pixel: Failed to read uid_time_in_state for attribution, return default EnergyConsumer
02-21 21:01:26.204   841   955 E WifiHAL : In GetWakeReasonCountCommand::handleResponse
02-21 21:01:26.215   841  9214 E WifiHAL : Ignoring invalid attribute type = 42, size = 4
02-21 21:01:26.215   841  9214 E WifiHAL : Ignoring invalid attribute type = 43, size = 4
02-21 21:01:26.215   841  9214 E WifiHAL : Ignoring invalid attribute type = 44, size = 4
02-21 21:01:26.628   841   955 E WifiHAL : In GetWakeReasonCountCommand::handleResponse
02-21 21:01:28.680  1377  1569 E AppOps  : Trying to set mode for unknown uid 10295.
02-21 21:01:28.702  1377  2923 E AppOps  : attributionTag VCN not declared in manifest of android
02-21 21:01:28.711  3389  3389 E SmsApplication: com.google.android.apps.messaging lost android:read_sms:  (fixing)
02-21 21:01:28.718  3389  3389 E SmsApplication: com.google.android.apps.messaging lost android:write_sms:  (fixing)
02-21 21:01:28.720  3389  3389 E SmsApplication: com.google.android.apps.messaging lost android:receive_sms:  (fixing)
02-21 21:01:28.723  3389  3389 E SmsApplication: com.google.android.apps.messaging lost android:send_sms:  (fixing)
02-21 21:01:28.734  3389  3389 E VvmPkgInstalledRcvr: cannot create TelephonyManager from ComponentInfo{com.android.phone/com.android.services.telephony.TelephonyConnectionService}, E, UserHandle{0}
02-21 21:01:28.736 18703 18703 E ssioncontroller: Not starting debugger since process cannot load the jdwp agent.
02-21 21:01:28.740  4431  4431 E ApduServiceInfo: Not adding <aid-group> with empty or invalid AIDs
02-21 21:01:28.746  3389  3389 E SmsApplication: com.google.android.apps.messaging lost android:read_sms:  (fixing)
02-21 21:01:28.746  4431  4431 E ApduServiceInfo: Not adding <aid-group> with empty or invalid AIDs
02-21 21:01:28.746  3389  3389 E SmsApplication: com.google.android.apps.messaging lost android:write_sms:  (fixing)
02-21 21:01:28.746  3389  3389 E SmsApplication: com.google.android.apps.messaging lost android:receive_sms:  (fixing)
02-21 21:01:28.747  3389  3389 E SmsApplication: com.google.android.apps.messaging lost android:send_sms:  (fixing)
02-21 21:01:28.843 18736 18736 E ackageinstaller: Not starting debugger since process cannot load the jdwp agent.
02-21 21:01:28.862 18703 18732 E RoleControllerServiceImpl: Default/fallback role holder package doesn't qualify for the role, package: com.google.android.gms.supervision, role: android.app.role.SYSTEM_SUPERVISION
02-21 21:01:28.912 18760 18760 E android.vending: Not starting debugger since process cannot load the jdwp agent.
02-21 21:01:29.059 18799 18799 E ding:background: Not starting debugger since process cannot load the jdwp agent.
02-21 21:01:29.201 18855 18855 E e.process.gapps: Not starting debugger since process cannot load the jdwp agent.
02-21 21:01:29.239 18900 18900 E .apps.wellbeing: Not starting debugger since process cannot load the jdwp agent.
02-21 21:01:31.464  1377  1934 E JobScheduler.Concurrency: Error executing JobStatus{373aaee #u0a181/1 com.google.android.configupdater/.MainJobService u=0 s=10181 URIS=[android.app.job.JobInfo$TriggerContentUri@6510486a] READY}
02-21 21:01:31.464  1377  1934 E JobScheduler.Concurrency: Error executing JobStatus{3eb711 #u0a152/27 com.google.android.apps.gcs/androidx.work.impl.background.systemjob.SystemJobService u=0 s=10152 TIME=-48m11s165ms:none NET READY}
02-21 21:01:31.465  1377  1934 E JobScheduler.Concurrency: Error executing JobStatus{c8d5209 #u0a236/10 com.google.android.apps.pixel.dcservice/androidx.work.impl.background.systemjob.SystemJobService u=0 s=10236 NET system stops=1 READY}
02-21 21:01:32.185  1377  1602 E system_server: updateValue is called with a value {0, 0, 0, 0, 0, 0, 0, 0, 0, 0, 0, 0, 0, 0, 0, 0, 0, 0, 0, 0, 0, 0, 0, 0, 0, 0, 0, 0, 0, 0, 0, 0, 0, 0, 0, 0, 0, 0, 0, 0, 0, 0, 0, 0, 0}, which is lower than the previous value {0, 0, 0, 0, 0, 6, 0, 0, 0, 25, 0, 0, 0, 0, 0, 0, 0, 0, 0, 0, 0, 0, 0, 0, 0, 0, 23, 0, 0, 0, 0, 0, 0, 0, 0, 0, 0, 0, 0, 0, 0, 0, 0, 0, 0}
02-21 21:01:32.188  1377  1934 E JobScheduler.Concurrency: Error executing JobStatus{373aaee #u0a181/1 com.google.android.configupdater/.MainJobService u=0 s=10181 URIS=[android.app.job.JobInfo$TriggerContentUri@6510486a] READY}
02-21 21:01:32.189  1377  1934 E JobScheduler.Concurrency: Error executing JobStatus{3eb711 #u0a152/27 com.google.android.apps.gcs/androidx.work.impl.background.systemjob.SystemJobService u=0 s=10152 TIME=-48m11s890ms:none NET READY}
02-21 21:01:32.191  1377  1934 E JobScheduler.Concurrency: Error executing JobStatus{c8d5209 #u0a236/10 com.google.android.apps.pixel.dcservice/androidx.work.impl.background.systemjob.SystemJobService u=0 s=10236 NET system stops=1 READY}
02-21 21:01:34.998  1377  1934 E JobScheduler.Concurrency: Error executing JobStatus{373aaee #u0a181/1 com.google.android.configupdater/.MainJobService u=0 s=10181 URIS=[android.app.job.JobInfo$TriggerContentUri@6510486a] READY}
02-21 21:01:35.000  1377  1934 E JobScheduler.Concurrency: Error executing JobStatus{3eb711 #u0a152/27 com.google.android.apps.gcs/androidx.work.impl.background.systemjob.SystemJobService u=0 s=10152 TIME=-48m14s700ms:none NET READY}
02-21 21:01:35.002  1377  1934 E JobScheduler.Concurrency: Error executing JobStatus{c8d5209 #u0a236/10 com.google.android.apps.pixel.dcservice/androidx.work.impl.background.systemjob.SystemJobService u=0 s=10236 NET system stops=1 READY}
02-21 21:01:35.045  1377  1934 E JobScheduler.Concurrency: Error executing JobStatus{373aaee #u0a181/1 com.google.android.configupdater/.MainJobService u=0 s=10181 URIS=[android.app.job.JobInfo$TriggerContentUri@6510486a] READY}
02-21 21:01:35.047  1377  1934 E JobScheduler.Concurrency: Error executing JobStatus{3eb711 #u0a152/27 com.google.android.apps.gcs/androidx.work.impl.background.systemjob.SystemJobService u=0 s=10152 TIME=-48m14s748ms:none NET READY}
02-21 21:01:35.050  1377  1934 E JobScheduler.Concurrency: Error executing JobStatus{c8d5209 #u0a236/10 com.google.android.apps.pixel.dcservice/androidx.work.impl.background.systemjob.SystemJobService u=0 s=10236 NET system stops=1 READY}
02-21 21:01:38.573 11630 15456 E NativeHotLoader: Failed to hotload library '/data/app/~~0rupW7RvWYrVaPvRy3E6lQ==/com.google.android.gms-a3VaMlBW7gSBK0GP_cd5Tw==/base.apk!/lib/arm64-v8a/libgmscore.so'. [CONTEXT service_id=447 ]
02-21 21:01:44.444 12033 12185 E A       : (REDACTED) Trace %s timed out after %d ms. Complete trace: %s
02-21 21:01:44.444 12033 12185 E A       : com.google.apps.tiktok.tracing.fz: 
02-21 21:01:44.444 12033 12185 E A       : 	at tk_trace.RecyclerViewContentManager(Started After:0)
02-21 21:01:44.444 12033 12120 E A       : (REDACTED) Trace %s timed out after %d ms. Complete trace: %s
02-21 21:01:44.444 12033 12120 E A       : com.google.apps.tiktok.tracing.fz: 
02-21 21:01:44.444 12033 12120 E A       : 	at tk_trace.OnOpNotedCallback#onAsyncNoted(Started After:0)
02-21 21:01:44.446 12033 12081 E A       : (REDACTED) Trace %s timed out after %d ms. Complete trace: %s
02-21 21:01:44.446 12033 12081 E A       : com.google.apps.tiktok.tracing.fz: 
02-21 21:01:44.446 12033 12081 E A       : 	at tk_trace.Write com.google.android.libraries.search.googleapp.device#com.google.android.googlequicksearchbox(Started After:0)
02-21 21:01:44.446 12033 12190 E A       : (REDACTED) Trace %s timed out after %d ms. Complete trace: %s
02-21 21:01:44.446 12033 12190 E A       : com.google.apps.tiktok.tracing.fz: 
02-21 21:01:44.446 12033 12190 E A       : 	at tk_trace.RxThreadPoolStartupListener(Started After:0)
02-21 21:01:44.446 12033 12191 E A       : (REDACTED) Trace %s timed out after %d ms. Complete trace: %s
02-21 21:01:44.446 12033 12191 E A       : com.google.apps.tiktok.tracing.fz: 
02-21 21:01:44.446 12033 12191 E A       : 	at tk_trace.GIL:ClearcutTransmitter(Started After:0)
02-21 21:01:44.448 12033 12187 E A       : (REDACTED) Trace %s timed out after %d ms. Complete trace: %s
02-21 21:01:44.448 12033 12187 E A       : com.google.apps.tiktok.tracing.fz: 
02-21 21:01:44.448 12033 12187 E A       : 	at tk_trace.SubscriptionCallbacks.onNewData(Started After:0)
02-21 21:02:10.845  3389  3389 E SmsApplication: com.google.android.apps.messaging lost android:read_sms:  (fixing)
02-21 21:02:10.847  3389  3389 E SmsApplication: com.google.android.apps.messaging lost android:write_sms:  (fixing)
02-21 21:02:10.848  3389  3389 E SmsApplication: com.google.android.apps.messaging lost android:receive_sms:  (fixing)
02-21 21:02:10.849  3389  3389 E SmsApplication: com.google.android.apps.messaging lost android:send_sms:  (fixing)
02-21 21:02:10.858  4431  4431 E ApduServiceInfo: Not adding <aid-group> with empty or invalid AIDs
02-21 21:02:10.907 18703 19145 E RoleControllerServiceImpl: Default/fallback role holder package doesn't qualify for the role, package: com.google.android.gms.supervision, role: android.app.role.SYSTEM_SUPERVISION
02-21 21:02:12.115  1377  1934 E JobScheduler.Concurrency: Error executing JobStatus{373aaee #u0a181/1 com.google.android.configupdater/.MainJobService u=0 s=10181 URIS=[android.app.job.JobInfo$TriggerContentUri@6510486a] READY}
02-21 21:02:12.116  1377  1934 E JobScheduler.Concurrency: Error executing JobStatus{3eb711 #u0a152/27 com.google.android.apps.gcs/androidx.work.impl.background.systemjob.SystemJobService u=0 s=10152 TIME=-48m51s817ms:none NET READY}
02-21 21:02:12.117  1377  1934 E JobScheduler.Concurrency: Error executing JobStatus{c8d5209 #u0a236/10 com.google.android.apps.pixel.dcservice/androidx.work.impl.background.systemjob.SystemJobService u=0 s=10236 NET system stops=1 READY}
02-21 21:02:12.157  1377  1934 E JobScheduler.Concurrency: Error executing JobStatus{373aaee #u0a181/1 com.google.android.configupdater/.MainJobService u=0 s=10181 URIS=[android.app.job.JobInfo$TriggerContentUri@6510486a] READY}
02-21 21:02:12.158  1377  1934 E JobScheduler.Concurrency: Error executing JobStatus{3eb711 #u0a152/27 com.google.android.apps.gcs/androidx.work.impl.background.systemjob.SystemJobService u=0 s=10152 TIME=-48m51s858ms:none NET READY}
02-21 21:02:12.158  1377  1934 E JobScheduler.Concurrency: Error executing JobStatus{c8d5209 #u0a236/10 com.google.android.apps.pixel.dcservice/androidx.work.impl.background.systemjob.SystemJobService u=0 s=10236 NET system stops=1 READY}
--------- beginning of crash
02-21 21:02:12.169 19016 19016 E AndroidRuntime: FATAL EXCEPTION: main
02-21 21:02:12.169 19016 19016 E AndroidRuntime: Process: com.example.myapplication, PID: 19016
02-21 21:02:12.169 19016 19016 E AndroidRuntime: java.lang.IllegalStateException: Default FirebaseApp is not initialized in this process com.example.myapplication. Make sure to call FirebaseApp.initializeApp(Context) first.
02-21 21:02:12.169 19016 19016 E AndroidRuntime: 	at com.google.firebase.FirebaseApp.getInstance(FirebaseApp.java:179)
02-21 21:02:12.169 19016 19016 E AndroidRuntime: 	at com.google.firebase.auth.FirebaseAuth.getInstance(com.google.firebase:firebase-auth@@24.0.1:281)
02-21 21:02:12.169 19016 19016 E AndroidRuntime: 	at com.example.myapplication.features.auth.AuthViewModel.<init>(AuthViewModel.kt:27)
02-21 21:02:12.169 19016 19016 E AndroidRuntime: 	at com.example.myapplication.DaggerMyApplication_HiltComponents_SingletonC$ViewModelCImpl$SwitchingProvider.get(DaggerMyApplication_HiltComponents_SingletonC.java:566)
02-21 21:02:12.169 19016 19016 E AndroidRuntime: 	at dagger.hilt.android.internal.lifecycle.HiltViewModelFactory$2.createViewModel(HiltViewModelFactory.java:133)
02-21 21:02:12.169 19016 19016 E AndroidRuntime: 	at dagger.hilt.android.internal.lifecycle.HiltViewModelFactory$2.create(HiltViewModelFactory.java:103)
02-21 21:02:12.169 19016 19016 E AndroidRuntime: 	at dagger.hilt.android.internal.lifecycle.HiltViewModelFactory.create(HiltViewModelFactory.java:171)
02-21 21:02:12.169 19016 19016 E AndroidRuntime: 	at androidx.lifecycle.ViewModelProvider$Factory.create(ViewModelProvider.android.kt:153)
02-21 21:02:12.169 19016 19016 E AndroidRuntime: 	at androidx.lifecycle.viewmodel.ViewModelProviderImpl_androidKt.createViewModel(ViewModelProviderImpl.android.kt:34)
02-21 21:02:12.169 19016 19016 E AndroidRuntime: 	at androidx.lifecycle.viewmodel.ViewModelProviderImpl.getViewModel$lifecycle_viewmodel_release(ViewModelProviderImpl.kt:60)
02-21 21:02:12.169 19016 19016 E AndroidRuntime: 	at androidx.lifecycle.viewmodel.ViewModelProviderImpl.getViewModel$lifecycle_viewmodel_release$default(ViewModelProviderImpl.kt:43)
02-21 21:02:12.169 19016 19016 E AndroidRuntime: 	at androidx.lifecycle.ViewModelProvider.get(ViewModelProvider.android.kt:92)
02-21 21:02:12.169 19016 19016 E AndroidRuntime: 	at androidx.lifecycle.viewmodel.compose.ViewModelKt__ViewModelKt.get(ViewModel.kt:172)
02-21 21:02:12.169 19016 19016 E AndroidRuntime: 	at androidx.lifecycle.viewmodel.compose.ViewModelKt.get(Unknown Source:1)
02-21 21:02:12.169 19016 19016 E AndroidRuntime: 	at androidx.lifecycle.viewmodel.compose.ViewModelKt__ViewModel_androidKt.viewModel(ViewModel.android.kt:119)
02-21 21:02:12.169 19016 19016 E AndroidRuntime: 	at androidx.lifecycle.viewmodel.compose.ViewModelKt.viewModel(Unknown Source:1)
02-21 21:02:12.169 19016 19016 E AndroidRuntime: 	at com.example.myapplication.features.settings.SettingsScreenKt.SettingsScreen(SettingsScreen.kt:470)
02-21 21:02:12.169 19016 19016 E AndroidRuntime: 	at com.example.myapplication.features.settings.navigation.SettingsNavigationKt.settingsGraph$lambda$0(SettingsNavigation.kt:13)
02-21 21:02:12.169 19016 19016 E AndroidRuntime: 	at com.example.myapplication.features.settings.navigation.SettingsNavigationKt.$r8$lambda$xW7aWeWGrliIHYnM8BflhzUyck4(Unknown Source:0)
02-21 21:02:12.169 19016 19016 E AndroidRuntime: 	at com.example.myapplication.features.settings.navigation.SettingsNavigationKt$$ExternalSyntheticLambda0.invoke(D8$$SyntheticClass:0)
02-21 21:02:12.169 19016 19016 E AndroidRuntime: 	at androidx.compose.runtime.internal.ComposableLambdaImpl.invoke(ComposableLambda.kt:142)
02-21 21:02:12.169 19016 19016 E AndroidRuntime: 	at androidx.compose.runtime.internal.ComposableLambdaImpl.invoke(ComposableLambda.kt:51)
02-21 21:02:12.169 19016 19016 E AndroidRuntime: 	at androidx.navigation.compose.NavHostKt$NavHost$32$1.invoke(NavHost.kt:703)
02-21 21:02:12.169 19016 19016 E AndroidRuntime: 	at androidx.navigation.compose.NavHostKt$NavHost$32$1.invoke(NavHost.kt:702)
02-21 21:02:12.169 19016 19016 E AndroidRuntime: 	at androidx.compose.runtime.internal.ComposableLambdaImpl.invoke(ComposableLambda.kt:121)
02-21 21:02:12.169 19016 19016 E AndroidRuntime: 	at androidx.compose.runtime.internal.ComposableLambdaImpl.invoke(ComposableLambda.kt:51)
02-21 21:02:12.169 19016 19016 E AndroidRuntime: 	at androidx.compose.runtime.CompositionLocalKt.CompositionLocalProvider(CompositionLocal.kt:370)
02-21 21:02:12.169 19016 19016 E AndroidRuntime: 	at androidx.compose.runtime.saveable.SaveableStateHolderImpl.SaveableStateProvider(SaveableStateHolder.kt:82)
02-21 21:02:12.169 19016 19016 E AndroidRuntime: 	at androidx.navigation.compose.NavBackStackEntryProviderKt.SaveableStateProvider(NavBackStackEntryProvider.kt:69)
02-21 21:02:12.169 19016 19016 E AndroidRuntime: 	at androidx.navigation.compose.NavBackStackEntryProviderKt.access$SaveableStateProvider(NavBackStackEntryProvider.kt:1)
02-21 21:02:12.169 19016 19016 E AndroidRuntime: 	at androidx.navigation.compose.NavBackStackEntryProviderKt$LocalOwnersProvider$1.invoke(NavBackStackEntryProvider.kt:56)
02-21 21:02:12.169 19016 19016 E AndroidRuntime: 	at androidx.navigation.compose.NavBackStackEntryProviderKt$LocalOwnersProvider$1.invoke(NavBackStackEntryProvider.kt:55)
02-21 21:02:12.169 19016 19016 E AndroidRuntime: 	at androidx.compose.runtime.internal.ComposableLambdaImpl.invoke(ComposableLambda.kt:121)
02-21 21:02:12.169 19016 19016 E AndroidRuntime: 	at androidx.compose.runtime.internal.ComposableLambdaImpl.invoke(ComposableLambda.kt:51)
02-21 21:02:12.169 19016 19016 E AndroidRuntime: 	at androidx.compose.runtime.CompositionLocalKt.CompositionLocalProvider(CompositionLocal.kt:370)
02-21 21:02:12.169 19016 19016 E AndroidRuntime: 	at androidx.navigation.compose.NavBackStackEntryProviderKt.LocalOwnersProvider(NavBackStackEntryProvider.kt:51)
02-21 21:02:12.170 19016 19016 E AndroidRuntime: 	at androidx.navigation.compose.NavHostKt$NavHost$32.invoke(NavHost.kt:702)
02-21 21:02:12.170 19016 19016 E AndroidRuntime: 	at androidx.navigation.compose.NavHostKt$NavHost$32.invoke(NavHost.kt:682)
02-21 21:02:12.170 19016 19016 E AndroidRuntime: 	at androidx.compose.runtime.internal.ComposableLambdaImpl.invoke(ComposableLambda.kt:142)
02-21 21:02:12.170 19016 19016 E AndroidRuntime: 	at androidx.compose.runtime.internal.ComposableLambdaImpl.invoke(ComposableLambda.kt:51)
02-21 21:02:12.170 19016 19016 E AndroidRuntime: 	at androidx.compose.animation.AnimatedContentKt$AnimatedContent$6$1$5.invoke(AnimatedContent.kt:863)
02-21 21:02:12.170 19016 19016 E AndroidRuntime: 	at androidx.compose.animation.AnimatedContentKt$AnimatedContent$6$1$5.invoke(AnimatedContent.kt:853)
02-21 21:02:12.170 19016 19016 E AndroidRuntime: 	at androidx.compose.runtime.internal.ComposableLambdaImpl.invoke(ComposableLambda.kt:130)
02-21 21:02:12.170 19016 19016 E AndroidRuntime: 	at androidx.compose.runtime.internal.ComposableLambdaImpl.invoke(ComposableLambda.kt:51)
02-21 21:02:12.170 19016 19016 E AndroidRuntime: 	at androidx.compose.animation.AnimatedVisibilityKt.AnimatedEnterExitImpl(AnimatedVisibility.kt:752)
02-21 21:02:12.170 19016 19016 E AndroidRuntime: 	at androidx.compose.animation.AnimatedContentKt$AnimatedContent$6$1.invoke(AnimatedContent.kt:835)
02-21 21:02:12.170 19016 19016 E AndroidRuntime: 	at androidx.compose.animation.AnimatedContentKt$AnimatedContent$6$1.invoke(AnimatedContent.kt:818)
02-21 21:02:12.170 19016 19016 E AndroidRuntime: 	at androidx.compose.runtime.internal.ComposableLambdaImpl.invoke(ComposableLambda.kt:121)
02-21 21:02:12.170 19016 19016 E AndroidRuntime: 	at androidx.compose.runtime.internal.ComposableLambdaImpl.invoke(ComposableLambda.kt:51)
02-21 21:02:12.170 19016 19016 E AndroidRuntime: 	at androidx.compose.animation.AnimatedContentKt.AnimatedContent(AnimatedContent.kt:873)
02-21 21:02:12.170 19016 19016 E AndroidRuntime: 	at androidx.navigation.compose.NavHostKt.NavHost(NavHost.kt:654)
02-21 21:02:12.170 19016 19016 E AndroidRuntime: 	at androidx.navigation.compose.NavHostKt.NavHost$lambda$80(Unknown Source:25)
02-21 21:02:12.170 19016 19016 E AndroidRuntime: 	at androidx.navigation.compose.NavHostKt.$r8$lambda$7ClW2Jn3MXjuytbJNUtxFpbxrgs(Unknown Source:0)
02-21 21:02:12.170 19016 19016 E AndroidRuntime: 	at androidx.navigation.compose.NavHostKt$$ExternalSyntheticLambda23.invoke(D8$$SyntheticClass:0)
02-21 21:02:12.170 19016 19016 E AndroidRuntime: 	at androidx.compose.runtime.RecomposeScopeImpl.compose(RecomposeScopeImpl.kt:196)
02-21 21:02:12.170 19016 19016 E AndroidRuntime: 	at androidx.compose.runtime.ComposerImpl.recomposeToGroupEnd(Composer.kt:2895)
02-21 21:02:12.170 19016 19016 E AndroidRuntime: 	at androidx.compose.runtime.ComposerImpl.skipCurrentGroup(Composer.kt:3231)
02-21 21:02:12.170 19016 19016 E AndroidRuntime: 	at androidx.compose.runtime.ComposerImpl.doCompose-aFTiNEg(Composer.kt:3855)
02-21 21:02:12.170 19016 19016 E AndroidRuntime: 	at androidx.compose.runtime.ComposerImpl.recompose-aFTiNEg$runtime(Composer.kt:3779)
02-21 21:02:12.170 19016 19016 E AndroidRuntime: 	at androidx.compose.runtime.CompositionImpl.recompose(Composition.kt:1075)
02-21 21:02:12.170 19016 19016 E AndroidRuntime: 	at androidx.compose.runtime.Recomposer.performRecompose(Recomposer.kt:1364)
02-21 21:02:12.170 19016 19016 E AndroidRuntime: 	at androidx.compose.runtime.Recomposer.access$performRecompose(Recomposer.kt:156)
02-21 21:02:12.170 19016 19016 E AndroidRuntime: 	at androidx.compose.runtime.Recomposer$runRecomposeAndApplyChanges$2.invokeSuspend$lambda$22(Recomposer.kt:627)
02-21 21:02:12.170 19016 19016 E AndroidRuntime: 	at androidx.compose.runtime.Recomposer$runRecomposeAndApplyChanges$2.$r8$lambda$OqADLCDYmRw1RgNUvn1CR0kX32M(Unknown Source:0)
02-21 21:02:12.170 19016 19016 E AndroidRuntime: 	at androidx.compose.runtime.Recomposer$runRecomposeAndApplyChanges$2$$ExternalSyntheticLambda0.invoke(D8$$SyntheticClass:0)
02-21 21:02:12.170 19016 19016 E AndroidRuntime: 	at androidx.compose.ui.platform.AndroidUiFrameClock$withFrameNanos$2$callback$1.doFrame(AndroidUiFrameClock.android.kt:39)
02-21 21:02:12.170 19016 19016 E AndroidRuntime: 	at androidx.compose.ui.platform.AndroidUiDispatcher.performFrameDispatch(AndroidUiDispatcher.android.kt:108)
02-21 21:02:12.170 19016 19016 E AndroidRuntime: 	at androidx.compose.ui.platform.AndroidUiDispatcher.access$performFrameDispatch(AndroidUiDispatcher.android.kt:41)
02-21 21:02:12.170 19016 19016 E AndroidRuntime: 	at androidx.compose.ui.platform.AndroidUiDispatcher$dispatchCallback$1.doFrame(AndroidUiDispatcher.android.kt:69)
02-21 21:02:12.170 19016 19016 E AndroidRuntime: 	at android.view.Choreographer$CallbackRecord.run(Choreographer.java:1404)
02-21 21:02:12.170 19016 19016 E AndroidRuntime: 	at android.view.Choreographer$CallbackRecord.run(Choreographer.java:1415)
02-21 21:02:12.170 19016 19016 E AndroidRuntime: 	at android.view.Choreographer.doCallbacks(Choreographer.java:1015)
02-21 21:02:12.170 19016 19016 E AndroidRuntime: 	at android.view.Choreographer.doFrame(Choreographer.java:941)
02-21 21:02:12.170 19016 19016 E AndroidRuntime: 	at android.view.Choreographer$FrameDisplayEventReceiver.run(Choreographer.java:1389)
02-21 21:02:12.170 19016 19016 E AndroidRuntime: 	at android.os.Handler.handleCallback(Handler.java:959)
02-21 21:02:12.170 19016 19016 E AndroidRuntime: 	at android.os.Handler.dispatchMessage(Handler.java:100)
02-21 21:02:12.170 19016 19016 E AndroidRuntime: 	at android.os.Looper.loopOnce(Looper.java:232)
02-21 21:02:12.170 19016 19016 E AndroidRuntime: 	at android.os.Looper.loop(Looper.java:317)
02-21 21:02:12.170 19016 19016 E AndroidRuntime: 	at android.app.ActivityThread.main(ActivityThread.java:8592)
02-21 21:02:12.170 19016 19016 E AndroidRuntime: 	at java.lang.reflect.Method.invoke(Native Method)
02-21 21:02:12.170 19016 19016 E AndroidRuntime: 	at com.android.internal.os.RuntimeInit$MethodAndArgsCaller.run(RuntimeInit.java:580)
02-21 21:02:12.170 19016 19016 E AndroidRuntime: 	at com.android.internal.os.ZygoteInit.main(ZygoteInit.java:878)
02-21 21:02:12.170 19016 19016 E AndroidRuntime: 	Suppressed: kotlinx.coroutines.internal.DiagnosticCoroutineContextException: [androidx.compose.runtime.PausableMonotonicFrameClock@ae9ae22, androidx.compose.ui.platform.MotionDurationScaleImpl@8d9b0b3, StandaloneCoroutine{Cancelling}@5f8f670, AndroidUiDispatcher@b73de9]
02-21 21:02:12.191  1377  1934 E JobScheduler.Concurrency: Error executing JobStatus{373aaee #u0a181/1 com.google.android.configupdater/.MainJobService u=0 s=10181 URIS=[android.app.job.JobInfo$TriggerContentUri@6510486a] READY}
02-21 21:02:12.192  1377  1934 E JobScheduler.Concurrency: Error executing JobStatus{3eb711 #u0a152/27 com.google.android.apps.gcs/androidx.work.impl.background.systemjob.SystemJobService u=0 s=10152 TIME=-48m51s892ms:none NET READY}
02-21 21:02:12.192  1377  1934 E JobScheduler.Concurrency: Error executing JobStatus{c8d5209 #u0a236/10 com.google.android.apps.pixel.dcservice/androidx.work.impl.background.systemjob.SystemJobService u=0 s=10236 NET system stops=1 READY}
02-21 21:02:12.226  1377  1934 E JobScheduler.Concurrency: Error executing JobStatus{373aaee #u0a181/1 com.google.android.configupdater/.MainJobService u=0 s=10181 URIS=[android.app.job.JobInfo$TriggerContentUri@6510486a] READY}
02-21 21:02:12.226  1377  1573 E IPCThreadState: Binder transaction failure: 1088950/29189/-22
02-21 21:02:12.233  1377  1934 E JobScheduler.Concurrency: Error executing JobStatus{3eb711 #u0a152/27 com.google.android.apps.gcs/androidx.work.impl.background.systemjob.SystemJobService u=0 s=10152 TIME=-48m51s934ms:none NET READY}
02-21 21:02:12.239  1377  1934 E JobScheduler.Concurrency: Error executing JobStatus{c8d5209 #u0a236/10 com.google.android.apps.pixel.dcservice/androidx.work.impl.background.systemjob.SystemJobService u=0 s=10236 NET system stops=1 READY}
02-21 21:02:12.879   469   469 E BpTransactionCompletedListener: Failed to transact (-32)
02-21 21:02:23.704   796   796 E android.hardware.power.stats-service.pixel: Failed to read uid_time_in_state for attribution, return default EnergyConsumer
02-21 21:02:27.708 18470 18629 E MediaCodec: Pending dequeue output buffer request cancelled
02-21 21:02:32.494 18470 19203 E MediaCodec: Pending dequeue output buffer request cancelled
02-21 21:02:32.648  1377  1572 E DisplayModeDirector: Asked about unknown display, returning empty display mode specs!(id=12)
02-21 21:02:32.686 18470 19227 E MediaCodec: Pending dequeue output buffer request cancelled
02-21 21:02:32.692 18470 18502 E BufferQueueProducer: [GraphicBufferSource](id:482600000004,api:1,p:469,c:18470) dequeueBuffer: BufferQueue has been abandoned
02-21 21:02:32.693   469   469 E CompositionEngine: ANativeWindow::dequeueBuffer failed for display [studio.screen.sharing:0] with error: -19
02-21 21:02:32.758 18470 19243 E MediaCodec: Pending dequeue output buffer request cancelled
02-21 21:02:32.764 18470 18502 E BufferQueueProducer: [](id:482600000005,api:0,p:0,c:18470) query: BufferQueue has been abandoned
02-21 21:02:32.764   469   469 E SurfaceFlinger: Unable to query width (-19)
02-21 21:02:32.764 18470 18502 E BufferQueueProducer: [](id:482600000005,api:0,p:0,c:18470) query: BufferQueue has been abandoned
02-21 21:02:32.764   469   469 E SurfaceFlinger: Unable to query height (-19)
02-21 21:02:32.764 18470 18502 E BufferQueueProducer: [](id:482600000005,api:0,p:0,c:18470) query: BufferQueue has been abandoned
02-21 21:02:32.764   469   469 E SurfaceFlinger: Unable to query format (-19)
02-21 21:02:32.764 18470 18502 E BufferQueueProducer: [](id:482600000005,api:0,p:0,c:18470) query: BufferQueue has been abandoned
02-21 21:02:32.764 18470 18502 E BufferQueueProducer: [](id:482600000005,api:0,p:0,c:18470) query: BufferQueue has been abandoned
02-21 21:02:32.764 18470 18502 E BufferQueueProducer: [](id:482600000005,api:0,p:0,c:18470) query: BufferQueue has been abandoned
02-21 21:02:32.765 18470 18502 E BufferQueueProducer: [](id:482600000005,api:0,p:0,c:18470) setAsyncMode: BufferQueue has been abandoned
02-21 21:02:32.765 18470 18502 E BufferQueueProducer: [](id:482600000005,api:0,p:0,c:18470) setAsyncMode: BufferQueue has been abandoned
02-21 21:02:32.765 18470 18502 E BufferQueueProducer: [GraphicBufferSource](id:482600000005,api:0,p:0,c:18470) connect: BufferQueue has been abandoned
02-21 21:02:32.765   469   469 E CompositionEngine: Unable to connect BQ producer: -19
02-21 21:02:32.794  1377  1572 E DisplayModeDirector: Asked about unknown display, returning empty display mode specs!(id=18)
02-21 21:02:32.819 18470 19259 E MediaCodec: Invalid to call during stop(); only valid in executing state
02-21 21:02:32.874 18470 19275 E MediaCodec: Pending dequeue output buffer request cancelled
02-21 21:02:32.887  1377  1572 E DisplayModeDirector: Asked about unknown display, returning empty display mode specs!(id=22)
02-21 21:02:32.923 18470 19289 E MediaCodec: Pending dequeue output buffer request cancelled
02-21 21:02:32.960  1377  1572 E DisplayModeDirector: Asked about unknown display, returning empty display mode specs!(id=26)
02-21 21:02:32.990 18470 19305 E MediaCodec: Pending dequeue output buffer request cancelled
02-21 21:02:33.151 18470 19320 E MediaCodec: Pending dequeue output buffer request cancelled
02-21 21:02:33.177  1377  1572 E DisplayModeDirector: Asked about unknown display, returning empty display mode specs!(id=29)
02-21 21:02:33.210  1377  1572 E DisplayModeDirector: Asked about unknown display, returning empty display mode specs!(id=31)
02-21 21:02:33.227 18470 19337 E MediaCodec: Pending dequeue output buffer request cancelled
02-21 21:02:33.229 18470 19335 E BufferQueueProducer: [](id:48260000000b,api:0,p:0,c:18470) query: BufferQueue has been abandoned
02-21 21:02:33.229 18470 19335 E BufferQueueProducer: [](id:48260000000b,api:0,p:0,c:18470) query: BufferQueue has been abandoned
02-21 21:02:33.231 18470 19351 E BufferQueueProducer: [](id:48260000000b,api:0,p:0,c:18470) query: BufferQueue has been abandoned
02-21 21:02:33.231   469   469 E SurfaceFlinger: Unable to query width (-19)
02-21 21:02:33.231 18470 18482 E BufferQueueProducer: [](id:48260000000b,api:0,p:0,c:18470) query: BufferQueue has been abandoned
02-21 21:02:33.231   469   469 E SurfaceFlinger: Unable to query height (-19)
02-21 21:02:33.231 18470 18482 E BufferQueueProducer: [](id:48260000000b,api:0,p:0,c:18470) query: BufferQueue has been abandoned
02-21 21:02:33.231   469   469 E SurfaceFlinger: Unable to query format (-19)
02-21 21:02:33.231 18470 18482 E BufferQueueProducer: [](id:48260000000b,api:0,p:0,c:18470) query: BufferQueue has been abandoned
02-21 21:02:33.231 18470 19351 E BufferQueueProducer: [](id:48260000000b,api:0,p:0,c:18470) query: BufferQueue has been abandoned
02-21 21:02:33.231 18470 19351 E BufferQueueProducer: [](id:48260000000b,api:0,p:0,c:18470) query: BufferQueue has been abandoned
02-21 21:02:33.231 18470 19351 E BufferQueueProducer: [](id:48260000000b,api:0,p:0,c:18470) setAsyncMode: BufferQueue has been abandoned
02-21 21:02:33.231 18470 18482 E BufferQueueProducer: [](id:48260000000b,api:0,p:0,c:18470) setAsyncMode: BufferQueue has been abandoned
02-21 21:02:33.232 18470 18482 E BufferQueueProducer: [GraphicBufferSource](id:48260000000b,api:0,p:0,c:18470) connect: BufferQueue has been abandoned
02-21 21:02:33.232   469   469 E CompositionEngine: Unable to connect BQ producer: -19
02-21 21:02:33.258  1377  1572 E DisplayModeDirector: Asked about unknown display, returning empty display mode specs!(id=33)
02-21 21:02:33.283 18470 19354 E MediaCodec: Pending dequeue output buffer request cancelled
02-21 21:02:33.341 18470 19368 E MediaCodec: Invalid to call during stop(); only valid in executing state
02-21 21:02:33.347 18470 19335 E BufferQueueProducer: [](id:48260000000d,api:0,p:0,c:18470) query: BufferQueue has been abandoned
02-21 21:02:33.347   469   469 E SurfaceFlinger: Unable to query width (-19)
02-21 21:02:33.347 18470 18482 E BufferQueueProducer: [](id:48260000000d,api:0,p:0,c:18470) query: BufferQueue has been abandoned
02-21 21:02:33.348   469   469 E SurfaceFlinger: Unable to query height (-19)
02-21 21:02:33.348 18470 18482 E BufferQueueProducer: [](id:48260000000d,api:0,p:0,c:18470) query: BufferQueue has been abandoned
02-21 21:02:33.348   469   469 E SurfaceFlinger: Unable to query format (-19)
02-21 21:02:33.348 18470 18482 E BufferQueueProducer: [](id:48260000000d,api:0,p:0,c:18470) query: BufferQueue has been abandoned
02-21 21:02:33.348 18470 18482 E BufferQueueProducer: [](id:48260000000d,api:0,p:0,c:18470) query: BufferQueue has been abandoned
02-21 21:02:33.348 18470 18482 E BufferQueueProducer: [](id:48260000000d,api:0,p:0,c:18470) query: BufferQueue has been abandoned
02-21 21:02:33.348 18470 18482 E BufferQueueProducer: [](id:48260000000d,api:0,p:0,c:18470) setAsyncMode: BufferQueue has been abandoned
02-21 21:02:33.348 18470 18482 E BufferQueueProducer: [](id:48260000000d,api:0,p:0,c:18470) setAsyncMode: BufferQueue has been abandoned
02-21 21:02:33.349 18470 18482 E BufferQueueProducer: [GraphicBufferSource](id:48260000000d,api:0,p:0,c:18470) connect: BufferQueue has been abandoned
02-21 21:02:33.349   469   469 E CompositionEngine: Unable to connect BQ producer: -19
02-21 21:02:33.393 18470 19384 E MediaCodec: Pending dequeue output buffer request cancelled
02-21 21:02:33.416  1377  1572 E DisplayModeDirector: Asked about unknown display, returning empty display mode specs!(id=39)
02-21 21:02:33.440 18470 19398 E MediaCodec: Pending dequeue output buffer request cancelled
02-21 21:02:33.506 18470 19414 E MediaCodec: Pending dequeue output buffer request cancelled
02-21 21:02:33.520  1377  1572 E DisplayModeDirector: Asked about unknown display, returning empty display mode specs!(id=43)
02-21 21:02:33.559 18470 19428 E MediaCodec: Invalid to call during stop(); only valid in executing state
02-21 21:02:33.564 18470 18482 E BufferQueueProducer: [](id:482600000011,api:0,p:0,c:18470) query: BufferQueue has been abandoned
02-21 21:02:33.564   469   469 E SurfaceFlinger: Unable to query width (-19)
02-21 21:02:33.564 18470 18482 E BufferQueueProducer: [](id:482600000011,api:0,p:0,c:18470) query: BufferQueue has been abandoned
02-21 21:02:33.564   469   469 E SurfaceFlinger: Unable to query height (-19)
02-21 21:02:33.564 18470 18482 E BufferQueueProducer: [](id:482600000011,api:0,p:0,c:18470) query: BufferQueue has been abandoned
02-21 21:02:33.564   469   469 E SurfaceFlinger: Unable to query format (-19)
02-21 21:02:33.564 18470 18482 E BufferQueueProducer: [](id:482600000011,api:0,p:0,c:18470) query: BufferQueue has been abandoned
02-21 21:02:33.564 18470 18482 E BufferQueueProducer: [](id:482600000011,api:0,p:0,c:18470) query: BufferQueue has been abandoned
02-21 21:02:33.565 18470 18482 E BufferQueueProducer: [](id:482600000011,api:0,p:0,c:18470) query: BufferQueue has been abandoned
02-21 21:02:33.565 18470 18482 E BufferQueueProducer: [](id:482600000011,api:0,p:0,c:18470) setAsyncMode: BufferQueue has been abandoned
02-21 21:02:33.565 18470 18482 E BufferQueueProducer: [](id:482600000011,api:0,p:0,c:18470) setAsyncMode: BufferQueue has been abandoned
02-21 21:02:33.565 18470 18482 E BufferQueueProducer: [GraphicBufferSource](id:482600000011,api:0,p:0,c:18470) connect: BufferQueue has been abandoned
02-21 21:02:33.565   469   469 E CompositionEngine: Unable to connect BQ producer: -19
02-21 21:02:33.575  1377  1572 E DisplayModeDirector: Asked about unknown display, returning empty display mode specs!(id=45)
02-21 21:02:33.624 18470 19444 E MediaCodec: Pending dequeue output buffer request cancelled
02-21 21:02:33.638  1377  1572 E DisplayModeDirector: Asked about unknown display, returning empty display mode specs!(id=48)
02-21 21:02:33.845 18470 19459 E MediaCodec: Pending dequeue output buffer request cancelled
02-21 21:02:33.929 18470 19474 E MediaCodec: Pending dequeue output buffer request cancelled
02-21 21:02:33.931 18470 18482 E BufferQueueProducer: [](id:482600000014,api:0,p:0,c:18470) query: BufferQueue has been abandoned
02-21 21:02:33.931   469   469 E SurfaceFlinger: Unable to query width (-19)
02-21 21:02:33.931 18470 18482 E BufferQueueProducer: [](id:482600000014,api:0,p:0,c:18470) query: BufferQueue has been abandoned
02-21 21:02:33.931   469   469 E SurfaceFlinger: Unable to query height (-19)
02-21 21:02:33.931 18470 18482 E BufferQueueProducer: [](id:482600000014,api:0,p:0,c:18470) query: BufferQueue has been abandoned
02-21 21:02:33.931   469   469 E SurfaceFlinger: Unable to query format (-19)
02-21 21:02:33.931 18470 18482 E BufferQueueProducer: [](id:482600000014,api:0,p:0,c:18470) query: BufferQueue has been abandoned
02-21 21:02:33.931 18470 18482 E BufferQueueProducer: [](id:482600000014,api:0,p:0,c:18470) query: BufferQueue has been abandoned
02-21 21:02:33.932 18470 18482 E BufferQueueProducer: [](id:482600000014,api:0,p:0,c:18470) query: BufferQueue has been abandoned
02-21 21:02:33.932 18470 18482 E BufferQueueProducer: [](id:482600000014,api:0,p:0,c:18470) setAsyncMode: BufferQueue has been abandoned
02-21 21:02:33.932 18470 18482 E BufferQueueProducer: [](id:482600000014,api:0,p:0,c:18470) setAsyncMode: BufferQueue has been abandoned
02-21 21:02:33.932 18470 18482 E BufferQueueProducer: [GraphicBufferSource](id:482600000014,api:0,p:0,c:18470) connect: BufferQueue has been abandoned
02-21 21:02:33.932   469   469 E CompositionEngine: Unable to connect BQ producer: -19
02-21 21:02:34.018  1377  1572 E DisplayModeDirector: Asked about unknown display, returning empty display mode specs!(id=55)
02-21 21:02:34.037 18470 19505 E MediaCodec: Pending dequeue output buffer request cancelled
02-21 21:02:34.089 18470 19519 E MediaCodec: Pending dequeue output buffer request cancelled
02-21 21:02:34.462 18470 19534 E MediaCodec: Pending dequeue output buffer request cancelled
02-21 21:02:34.485   841   955 E IPCThreadState: binder thread pool (1 threads) starved for 102 ms
02-21 21:02:35.087 18470 19550 E MediaCodec: Pending dequeue output buffer request cancelled
02-21 21:02:41.319  1377  1934 E JobScheduler.Concurrency: Error executing JobStatus{373aaee #u0a181/1 com.google.android.configupdater/.MainJobService u=0 s=10181 URIS=[android.app.job.JobInfo$TriggerContentUri@6510486a] READY}
02-21 21:02:41.320  1377  1934 E JobScheduler.Concurrency: Error executing JobStatus{3eb711 #u0a152/27 com.google.android.apps.gcs/androidx.work.impl.background.systemjob.SystemJobService u=0 s=10152 TIME=-49m21s20ms:none NET READY}
02-21 21:02:41.320  1377  1934 E JobScheduler.Concurrency: Error executing JobStatus{c8d5209 #u0a236/10 com.google.android.apps.pixel.dcservice/androidx.work.impl.background.systemjob.SystemJobService u=0 s=10236 NET system stops=1 READY}
02-21 21:02:42.057  1377  1934 E JobScheduler.Concurrency: Error executing JobStatus{373aaee #u0a181/1 com.google.android.configupdater/.MainJobService u=0 s=10181 URIS=[android.app.job.JobInfo$TriggerContentUri@6510486a] READY}
02-21 21:02:42.058  1377  1934 E JobScheduler.Concurrency: Error executing JobStatus{3eb711 #u0a152/27 com.google.android.apps.gcs/androidx.work.impl.background.systemjob.SystemJobService u=0 s=10152 TIME=-49m21s759ms:none NET READY}
02-21 21:02:42.059  1377  1934 E JobScheduler.Concurrency: Error executing JobStatus{c8d5209 #u0a236/10 com.google.android.apps.pixel.dcservice/androidx.work.impl.background.systemjob.SystemJobService u=0 s=10236 NET system stops=1 READY}
02-21 21:02:48.668 19587 19587 E AndroidRuntime: FATAL EXCEPTION: main
02-21 21:02:48.668 19587 19587 E AndroidRuntime: Process: com.example.myapplication, PID: 19587
02-21 21:02:48.668 19587 19587 E AndroidRuntime: java.lang.IllegalStateException: Default FirebaseApp is not initialized in this process com.example.myapplication. Make sure to call FirebaseApp.initializeApp(Context) first.
02-21 21:02:48.668 19587 19587 E AndroidRuntime: 	at com.google.firebase.FirebaseApp.getInstance(FirebaseApp.java:179)
02-21 21:02:48.668 19587 19587 E AndroidRuntime: 	at com.google.firebase.auth.FirebaseAuth.getInstance(com.google.firebase:firebase-auth@@24.0.1:281)
02-21 21:02:48.668 19587 19587 E AndroidRuntime: 	at com.example.myapplication.features.auth.AuthViewModel.<init>(AuthViewModel.kt:27)
02-21 21:02:48.668 19587 19587 E AndroidRuntime: 	at com.example.myapplication.DaggerMyApplication_HiltComponents_SingletonC$ViewModelCImpl$SwitchingProvider.get(DaggerMyApplication_HiltComponents_SingletonC.java:566)
02-21 21:02:48.668 19587 19587 E AndroidRuntime: 	at dagger.hilt.android.internal.lifecycle.HiltViewModelFactory$2.createViewModel(HiltViewModelFactory.java:133)
02-21 21:02:48.668 19587 19587 E AndroidRuntime: 	at dagger.hilt.android.internal.lifecycle.HiltViewModelFactory$2.create(HiltViewModelFactory.java:103)
02-21 21:02:48.668 19587 19587 E AndroidRuntime: 	at dagger.hilt.android.internal.lifecycle.HiltViewModelFactory.create(HiltViewModelFactory.java:171)
02-21 21:02:48.668 19587 19587 E AndroidRuntime: 	at androidx.lifecycle.ViewModelProvider$Factory.create(ViewModelProvider.android.kt:153)
02-21 21:02:48.668 19587 19587 E AndroidRuntime: 	at androidx.lifecycle.viewmodel.ViewModelProviderImpl_androidKt.createViewModel(ViewModelProviderImpl.android.kt:34)
02-21 21:02:48.668 19587 19587 E AndroidRuntime: 	at androidx.lifecycle.viewmodel.ViewModelProviderImpl.getViewModel$lifecycle_viewmodel_release(ViewModelProviderImpl.kt:60)
02-21 21:02:48.668 19587 19587 E AndroidRuntime: 	at androidx.lifecycle.viewmodel.ViewModelProviderImpl.getViewModel$lifecycle_viewmodel_release$default(ViewModelProviderImpl.kt:43)
02-21 21:02:48.668 19587 19587 E AndroidRuntime: 	at androidx.lifecycle.ViewModelProvider.get(ViewModelProvider.android.kt:92)
02-21 21:02:48.668 19587 19587 E AndroidRuntime: 	at androidx.lifecycle.viewmodel.compose.ViewModelKt__ViewModelKt.get(ViewModel.kt:172)
02-21 21:02:48.668 19587 19587 E AndroidRuntime: 	at androidx.lifecycle.viewmodel.compose.ViewModelKt.get(Unknown Source:1)
02-21 21:02:48.668 19587 19587 E AndroidRuntime: 	at androidx.lifecycle.viewmodel.compose.ViewModelKt__ViewModel_androidKt.viewModel(ViewModel.android.kt:119)
02-21 21:02:48.668 19587 19587 E AndroidRuntime: 	at androidx.lifecycle.viewmodel.compose.ViewModelKt.viewModel(Unknown Source:1)
02-21 21:02:48.668 19587 19587 E AndroidRuntime: 	at com.example.myapplication.features.settings.SettingsScreenKt.SettingsScreen(SettingsScreen.kt:470)
02-21 21:02:48.668 19587 19587 E AndroidRuntime: 	at com.example.myapplication.features.settings.navigation.SettingsNavigationKt.settingsGraph$lambda$0(SettingsNavigation.kt:13)
02-21 21:02:48.668 19587 19587 E AndroidRuntime: 	at com.example.myapplication.features.settings.navigation.SettingsNavigationKt.$r8$lambda$xW7aWeWGrliIHYnM8BflhzUyck4(Unknown Source:0)
02-21 21:02:48.668 19587 19587 E AndroidRuntime: 	at com.example.myapplication.features.settings.navigation.SettingsNavigationKt$$ExternalSyntheticLambda0.invoke(D8$$SyntheticClass:0)
02-21 21:02:48.668 19587 19587 E AndroidRuntime: 	at androidx.compose.runtime.internal.ComposableLambdaImpl.invoke(ComposableLambda.kt:142)
02-21 21:02:48.668 19587 19587 E AndroidRuntime: 	at androidx.compose.runtime.internal.ComposableLambdaImpl.invoke(ComposableLambda.kt:51)
02-21 21:02:48.668 19587 19587 E AndroidRuntime: 	at androidx.navigation.compose.NavHostKt$NavHost$32$1.invoke(NavHost.kt:703)
02-21 21:02:48.668 19587 19587 E AndroidRuntime: 	at androidx.navigation.compose.NavHostKt$NavHost$32$1.invoke(NavHost.kt:702)
02-21 21:02:48.668 19587 19587 E AndroidRuntime: 	at androidx.compose.runtime.internal.ComposableLambdaImpl.invoke(ComposableLambda.kt:121)
02-21 21:02:48.668 19587 19587 E AndroidRuntime: 	at androidx.compose.runtime.internal.ComposableLambdaImpl.invoke(ComposableLambda.kt:51)
02-21 21:02:48.668 19587 19587 E AndroidRuntime: 	at androidx.compose.runtime.CompositionLocalKt.CompositionLocalProvider(CompositionLocal.kt:370)
02-21 21:02:48.668 19587 19587 E AndroidRuntime: 	at androidx.compose.runtime.saveable.SaveableStateHolderImpl.SaveableStateProvider(SaveableStateHolder.kt:82)
02-21 21:02:48.668 19587 19587 E AndroidRuntime: 	at androidx.navigation.compose.NavBackStackEntryProviderKt.SaveableStateProvider(NavBackStackEntryProvider.kt:69)
